LAYER
    _default_layer
    TYPE LINE
    NAME "roadsfar"
    DATA "geometry from (select geometry, osm_id ,type,ref from OSM_PREFIX_roads_gen0 where type in ('motorway','trunk','primary') order by z_order asc) as foo using unique osm_id using srid=OSM_SRID"
    CLASSITEM "type"
    CLASS
        EXPRESSION "motorway"
        STYLE
            WIDTH _motorway_width
            COLOR _motorway_far_clr
        END
    END
    CLASS
        EXPRESSION "trunk"
        STYLE
            WIDTH _trunk_width 
            COLOR _trunk_far_clr
        END
    END
#ifdef _display_primary
    CLASS
        EXPRESSION "primary"
        STYLE
            WIDTH _primary_width 
            COLOR _primary_far_clr
        END
    END
#endif
#ifdef _display_secondary
    CLASS
        EXPRESSION "secondary"
        STYLE
            WIDTH _secondary_width
            COLOR _secondary_far_clr
        END
    END
#endif
#ifdef _display_tertiary
    CLASS
        EXPRESSION "tertiary"
        STYLE
            WIDTH _tertiary_width
            COLOR _tertiary_far_clr
        END
    END
#endif
#ifdef _display_other
    CLASS
        EXPRESSION ('[type]'='unclassified' or '[type]'='residential' or '[type]'='service' or '[type]'='road')
        STYLE
            WIDTH _other_width
            COLOR _other_far_clr
        END
    END
#endif
END
    

