LAYER
    _default_layer
    TYPE LINE
    NAME "roadsfar"
    DATA "way from (select way, osm_id ,highway,ref from osm_line where highway in ('motorway','trunk','primary') order by priority desc) as foo using unique osm_id using srid=4326"
    LABELITEM "ref"
    CLASSITEM "highway"
    CLASS
        EXPRESSION "motorway"
        STYLE
            WIDTH _motorway_width
            COLOR _motorway_single_clr
        END
        LABEL
            _default_lbl 
            PRIORITY 1
            FONT scb
            SIZE _motorway_lbl_size
            MINDISTANCE 150
            MAXLENGTH 6
            BUFFER 15
            COLOR 255 255 255
            STYLE
                GEOMTRANSFORM LABELPOLY
                COLOR _motorway_lbl_bg_clr
                OUTLINECOLOR _motorway_lbl_shadow_clr 
            END
        END
    END
    CLASS
        EXPRESSION "trunk"
        STYLE
            WIDTH _trunk_width 
            COLOR _trunk_single_clr
        END
        LABEL
            _default_lbl
            FONT scb
            SIZE _trunk_lbl_size
            MINDISTANCE 150
            MAXLENGTH 6
            BUFFER 15
            COLOR 255 255 255
            STYLE
               GEOMTRANSFORM LABELPOLY
               COLOR _trunk_lbl_bg_clr
               OUTLINECOLOR _trunk_lbl_shadow_clr
            END
        END
    END
    CLASS
        EXPRESSION "primary"
        STYLE
            WIDTH _primary_width 
            COLOR _primary_single_clr
        END
    END
END
    

