#include "resetsizes.inc"
#define _maxscale 10010
#define _minscale 5010

#define _default_layer _default_lyr\
    maxscaledenom _maxscale\
    minscaledenom _minscale\

#define _railway_width 2
#define _railway_tie_size 5

#define _motorway_width 15
#define _motorway_link_width 10
#define _motorway_lbl_size 9

#define _trunk_width _motorway_width
#define _trunk_link_width _motorway_link_width
#define _trunk_lbl_size _motorway_lbl_size

#define _primary_width 13
#define _primary_link_width 10
#define _primary_lbl_size 8

#define _secondary_width 12
#define _secondary_link_width 10
#define _secondary_lbl_size 8

#define _tertiary_width 11
#define _tertiary_lbl_size 8

#define _label_other
#define _other_width 8
#define _other_lbl_size 8

#define _label_track
#define _track_width 2
#define _track_lbl_size 7

#define _path_width 1

#define _label_pedestrian
#define _pedestrian_width 6
#define _pedestrian_lbl_size 6

#define _display_tunnels
#define _data_expr "way from (select way, osm_id ,highway,ref, name, tunnel from osm_line where highway is not null order by z_order) as foo using unique osm_id using srid=4326"
#include "highways-close.map"

