#include "resetsizes.inc"
#define _maxscale 1000010
#define _minscale 500010

#define _default_layer _default_lyr\
    maxscaledenom _maxscale\
    minscaledenom _minscale\

#define _railway_width 1
#define _railway_tie_size 4

#define _motorway_width 1
#define _motorway_link_width 1
#define _motorway_lbl_size 7

#define _trunk_width _motorway_width
#define _trunk_link_width _motorway_link_width
#define _trunk_lbl_size _motorway_lbl_size

#define _primary_width 0.8
#define _primary_link_width 0.8
#define _primary_lbl_size 6
#define _primary_lbl_ref

#ifdef _no_road_outline
 #define _secondary_clr_bak _secondary_clr
 #undef _secondary_clr
 #define _secondary_clr _secondary_single_clr
 #define _primary_clr_bak _primary_clr
 #undef _primary_clr
 #define _primary_clr _primary_single_clr
#endif

#define _secondary_width 0.5
#define _secondary_link_width 0.5
#define _secondary_lbl_size 6

#define _display_tertiary_single
#define _tertiary_width 0.5

#define _data_expr "geometry from (select geometry, osm_id ,type,ref, name, tunnel from OSM_PREFIX_roads_gen1 order by z_order asc, st_length(geometry) asc) as foo using unique osm_id using srid=OSM_SRID"
#include "highways-medium.map"


#ifdef _no_road_outline
 #undef _secondary_clr
 #define _secondary_clr _secondary_clr_bak
 #undef _secondary_clr_bak
 #undef _primary_clr
 #define _primary_clr _primary_clr_bak
 #undef _primary_clr_bak
#endif
