LAYER
    _default_layer
    TYPE LINE
    NAME "railways"
    DATA "geometry from (select geometry, osm_id from OSM_PREFIX_railways) as foo using unique osm_id using srid=OSM_SRID"
    CLASS
#ifndef _no_road_outline
       STYLE
            WIDTH _railway_width
            OUTLINEWIDTH 1
            OUTLINECOLOR _railway_ol_clr
            COLOR _railway_clr
        END
        STYLE
            SYMBOL rail
            GAP -3
            SIZE _railway_tie_size
            COLOR _railway_ol_clr
        END
#else
        STYLE
         WIDTH _railway_width
         COLOR _railway_clr
         PATTERN 2 2 END
        END
#endif
    END
END

LAYER
    _default_layer
    TYPE LINE
    NAME "roadsclose"
    DATA _data_expr
    LABELITEM "name"
    CLASSITEM "type"

#ifdef _display_tunnels
    CLASS
        EXPRESSION ("[type]"="motorway" and "[tunnel]"="yes")
#ifndef _no_road_outline
        STYLE
            WIDTH _motorway_width
            PATTERN 2 2 END
            OUTLINEWIDTH 1
            OUTLINECOLOR _motorway_tunnel_ol_clr
        END
#endif
        STYLE
            WIDTH _motorway_width
            COLOR _motorway_tunnel_clr
        END
    END
    CLASS
        EXPRESSION ("[type]"="motorway_link" and "[tunnel]"="yes")
#ifndef _no_road_outline
        STYLE
            PATTERN 2 2 END
            WIDTH _motorway_link_width
            OUTLINECOLOR _motorway_tunnel_ol_clr
            OUTLINEWIDTH 1
        END
#endif
        STYLE
            WIDTH _motorway_link_width
            COLOR _motorway_tunnel_clr
        END
    END
    CLASS
        EXPRESSION ("[type]"="trunk" and "[tunnel]"="yes")
#ifndef _no_road_outline
        STYLE
            PATTERN 2 2 END
            WIDTH _trunk_width
            OUTLINECOLOR _trunk_tunnel_ol_clr
            OUTLINEWIDTH 1
        END
#endif
        STYLE
            WIDTH _trunk_width
            COLOR _trunk_tunnel_clr
        END
    END
    CLASS
        EXPRESSION ("[type]"="trunk_link" and "[tunnel]"="yes")
#ifndef _no_road_outline
        STYLE
            PATTERN 2 2 END
            WIDTH _trunk_link_width
            OUTLINEWIDTH 1
            OUTLINECOLOR _trunk_tunnel_ol_clr
        END
#endif
        STYLE
            WIDTH _trunk_link_width
            COLOR _trunk_tunnel_clr
        END
    END
    CLASS
        EXPRESSION ("[type]"="primary_link" and "[tunnel]"="yes")
#ifndef _no_road_outline
        STYLE
            PATTERN 2 2 END
            WIDTH _primary_link_width
            OUTLINECOLOR _primary_tunnel_ol_clr
            OUTLINEWIDTH 1
        END
#endif
        STYLE
            WIDTH _primary_link_width
            COLOR _primary_tunnel_clr
        END
    END
    CLASS
        EXPRESSION ("[type]"="primary" and "[tunnel]"="yes")
#ifndef _no_road_outline
        STYLE
            PATTERN 2 2 END
            WIDTH _primary_width
            OUTLINECOLOR _primary_tunnel_ol_clr
            OUTLINEWIDTH 1
        END
#endif
        STYLE
            WIDTH _primary_width
            COLOR _primary_tunnel_clr
        END
    END
    CLASS
        EXPRESSION ("[type]"="secondary_link" and "[tunnel]"="yes")
#ifndef _no_road_outline
        STYLE
            PATTERN 2 2 END
            WIDTH _secondary_link_width
            OUTLINECOLOR _secondary_tunnel_ol_clr
            OUTLINEWIDTH 1
        END
#endif
        STYLE
            WIDTH _secondary_link_width
            COLOR _secondary_tunnel_clr
        END
    END
    CLASS
        EXPRESSION ("[type]"="secondary" and "[tunnel]"="yes")
#ifndef _no_road_outline
        STYLE
            PATTERN 2 2 END
            WIDTH _secondary_width
            OUTLINECOLOR _secondary_tunnel_ol_clr
        END
#endif
        STYLE
            WIDTH _secondary_width
            COLOR _secondary_tunnel_clr
        END
    END
    CLASS
        EXPRESSION ("[type]"="tertiary" and "[tunnel]"="yes")
#ifndef _no_road_outline
        STYLE
            PATTERN 2 2 END
            WIDTH _tertiary_width
            OUTLINEWIDTH 1
            OUTLINECOLOR _tertiary_tunnel_ol_clr
        END
#endif
        STYLE
            WIDTH _tertiary_width
            COLOR _tertiary_tunnel_clr
        END
    END
    CLASS
        EXPRESSION (('[type]'='unclassified' or '[type]'='residential' or '[type]'='service') and "[tunnel]"="yes")
#ifndef _no_road_outline
        STYLE
            PATTERN 2 2 END
            WIDTH _other_width
            OUTLINEWIDTH 1
            OUTLINECOLOR _other_tunnel_ol_clr
        END
#endif
        STYLE
            WIDTH _other_width
            COLOR _other_tunnel_clr
        END
    END
#endif 

    CLASS
        EXPRESSION "motorway"
        TEXT ("[ref]")
#ifndef _no_road_outline
        STYLE
            WIDTH _motorway_width
            OUTLINEWIDTH 1
            OUTLINECOLOR _motorway_ol_clr
        END
#endif
        STYLE
            WIDTH _motorway_width
            COLOR _motorway_clr
        END
        LABEL
            _default_lbl 
            PRIORITY 1
            FONT scb
            SIZE _motorway_lbl_size
            MINDISTANCE 150
            MAXLENGTH 6
            COLOR 255 255 255
            STYLE
                GEOMTRANSFORM LABELPOLY
                COLOR _motorway_lbl_bg_clr
                OUTLINECOLOR _motorway_lbl_shadow_clr
            END
        END
    END
    CLASS
        EXPRESSION "motorway_link"
#ifndef _no_road_outline
        STYLE
            WIDTH _motorway_link_width
            OUTLINECOLOR _motorway_ol_clr
            OUTLINEWIDTH 1
        END
#endif
        STYLE
            WIDTH _motorway_link_width
            COLOR _motorway_clr
        END
    END
    CLASS
        EXPRESSION "trunk"
        TEXT ("[ref]")
#ifndef _no_road_outline
        STYLE
            WIDTH _trunk_width 
            OUTLINECOLOR _trunk_ol_clr
            OUTLINEWIDTH 1
        END
#endif
        STYLE
            WIDTH _trunk_width 
            COLOR _trunk_clr
        END
        LABEL
            _default_lbl
            FONT scb
            SIZE _trunk_lbl_size
            MINDISTANCE 150
            MAXLENGTH 6
            COLOR 255 255 255
            STYLE
                GEOMTRANSFORM LABELPOLY
                COLOR _trunk_lbl_bg_clr
                OUTLINECOLOR _trunk_lbl_shadow_clr
            END
        END
    END
    CLASS
        EXPRESSION "trunk_link"
#ifndef _no_road_outline
        STYLE
            WIDTH _trunk_link_width
            OUTLINEWIDTH 1
            OUTLINECOLOR _trunk_ol_clr
        END
#endif
        STYLE
            WIDTH _trunk_link_width
            COLOR _trunk_clr
        END
    END
    CLASS
        EXPRESSION "primary_link"
#ifndef _no_road_outline
        STYLE
            WIDTH _primary_link_width
            OUTLINECOLOR _primary_ol_clr
            OUTLINEWIDTH 1
        END
#endif
        STYLE
            WIDTH _primary_link_width
            COLOR _primary_clr
        END
    END
    CLASS
        EXPRESSION "primary"
#ifndef _no_road_outline
        STYLE
            WIDTH _primary_width 
            OUTLINECOLOR _primary_ol_clr
            OUTLINEWIDTH 1
        END
#endif
        STYLE
            WIDTH _primary_width 
            COLOR _primary_clr
        END
        LABEL
            _default_lbl
            PRIORITY 4
            SIZE _primary_lbl_size
            MINDISTANCE 200
            ANGLE FOLLOW
            COLOR 0 0 0
            OUTLINECOLOR _primary_clr
            MINFEATURESIZE AUTO
        END
    END
    CLASS
        EXPRESSION "secondary_link"
#ifndef _no_road_outline
        STYLE
            WIDTH _secondary_link_width
            OUTLINECOLOR _secondary_ol_clr
            OUTLINEWIDTH 1
        END
#endif
        STYLE
            WIDTH _secondary_link_width
            COLOR _secondary_clr 
        END
    END
    CLASS
        EXPRESSION "secondary"
#ifndef _no_road_outline
        STYLE
            WIDTH _secondary_width
            OUTLINECOLOR _secondary_ol_clr
            OUTLINEWIDTH 1
        END
#endif
        STYLE
            WIDTH _secondary_width
            COLOR _secondary_clr
        END
        LABEL
            _default_lbl
            PRIORITY 3
            SIZE _secondary_lbl_size 
            MINDISTANCE 200
            ANGLE FOLLOW
            COLOR 0 0 0
            OUTLINECOLOR _secondary_clr
            MINFEATURESIZE AUTO
        END
    END
    CLASS
        EXPRESSION "tertiary"
#ifndef _no_road_outline
        STYLE
            WIDTH _tertiary_width
            OUTLINEWIDTH 1
            OUTLINECOLOR _tertiary_ol_clr
        END
#endif
        STYLE
            WIDTH _tertiary_width
            COLOR _tertiary_clr
        END
        LABEL
            _default_lbl
            PRIORITY 2
            SIZE _tertiary_lbl_size
            MINDISTANCE 200
            ANGLE FOLLOW
            COLOR 0 0 0
            OUTLINECOLOR _tertiary_clr
            MINFEATURESIZE AUTO
        END
    END
    CLASS
        EXPRESSION ('[type]'='unclassified' or '[type]'='residential' or '[type]'='service' or '[type]'='road')
#ifndef _no_road_outline
        STYLE
            WIDTH _other_width
            OUTLINEWIDTH 1
            OUTLINECOLOR _other_ol_clr
        END
#endif
        STYLE
            WIDTH _other_width
            COLOR _other_clr
        END
#ifdef _label_other
        LABEL
            _default_lbl
            PRIORITY 1
            SIZE _other_lbl_size
            MINDISTANCE 200
            ANGLE FOLLOW
            COLOR 0 0 0
            OUTLINECOLOR _other_clr
            MINFEATURESIZE AUTO
        END
#endif
    END
    CLASS
        EXPRESSION "track"
#ifndef _no_road_outline
        STYLE
            WIDTH _track_width
            OUTLINEWIDTH 1.5
            OUTLINECOLOR _track_ol_clr
        END
#endif
        STYLE
            PATTERN 5 5 END
            WIDTH _track_width
            COLOR _track_clr
        END
#ifdef _label_track
        LABEL
            _default_lbl
            PRIORITY 1
            SIZE _track_lbl_size
            MINDISTANCE 200
            ANGLE FOLLOW
            COLOR 0 0 0
            OUTLINECOLOR 255 255 255
            MINFEATURESIZE AUTO
        END
#endif
    END

    CLASS
        EXPRESSION 'footway'
        STYLE
            PATTERN 1 1 END
            WIDTH _path_width
            COLOR _path_clr
        END
    END
    CLASS
        EXPRESSION 'pedestrian'
        STYLE
            WIDTH _pedestrian_width 
            COLOR _pedestrian_clr
        END
#ifdef _label_pedestrian
        LABEL
            _default_lbl
            PRIORITY 1
            SIZE _pedestrian_lbl_size 
            MINSIZE 6
            MINDISTANCE 200
            ANGLE FOLLOW
            COLOR 0 0 0
        END
#endif
    END
END
    

