#if _display_railways == 1
LAYER
    GROUP "default"
    STATUS ON
    CONNECTIONTYPE POSTGIS
    CONNECTION _db_connection
    MINSCALEDENOM _minscale
    MAXSCALEDENOM _maxscale
    TYPE LINE
    NAME layername(railways,_layer_suffix)
    DATA _railways_data
    CLASS
      EXPRESSION ([tunnel]=0)
        STYLE
         WIDTH _railway_width
         COLOR _railway_clr
         PATTERN _railway_pattern END
         LINECAP BUTT
        END
    END
    CLASS
        STYLE
         WIDTH _railway_width
         COLOR _railway_clr
         PATTERN _railway_pattern END
         OPACITY _railway_tunnel_opacity
         LINECAP BUTT
        END
    END
END
#endif

#if _display_highways == 1

LAYER
    GROUP "default"
    STATUS ON
    TYPE LINE
    MINSCALEDENOM _minscale
    MAXSCALEDENOM _maxscale
    NAME layername(roads,_layer_suffix)
    CONNECTIONTYPE postgis
    CONNECTION _db_connection
    DATA _roads_data
    LABELITEM "name"
    CLASSITEM "type"

#if _display_bridges == 1
#if _display_motorways == 1
    CLASS
        EXPRESSION ("[bridge]"="1" and "[type]" = "motorway")
#if _display_motorway_outline
        STYLE
        END
#endif
        STYLE
            WIDTH _motorway_width
            OUTLINECOLOR _motorway_bridge_clr
            OUTLINEWIDTH _motorway_bridge_width
            LINECAP BUTT
        END
        STYLE
            WIDTH _motorway_width
            COLOR _motorway_clr
        END
    END
#endif
#if _display_motorway_links == 1
    CLASS
        EXPRESSION ("[bridge]"="1" and "[type]" = "motorway_link")
#if _display_motorway_outline
        STYLE
        END
#endif
        STYLE
            WIDTH _primary_width
            OUTLINECOLOR _motorway_bridge_clr
            OUTLINEWIDTH _primary_bridge_width
            LINECAP BUTT
        END
        STYLE
            WIDTH _primary_width
            COLOR _motorway_clr
        END
    END
#endif
#if _display_trunks == 1
    CLASS
        EXPRESSION ("[bridge]"="1" and "[type]" = "trunk")
#if _display_trunk_outline
        STYLE
        END
#endif
        STYLE
            WIDTH _trunk_width
            OUTLINECOLOR _trunk_bridge_clr
            OUTLINEWIDTH _trunk_bridge_width
            LINECAP BUTT
        END
        STYLE
            WIDTH _trunk_width
            COLOR _trunk_clr 
        END
    END
#endif
#if _display_trunk_links == 1
    CLASS
        EXPRESSION ("[bridge]"="1" and "[type]" = "trunk_link")
#if _display_trunk_outline
        STYLE
        END
#endif
        STYLE
            WIDTH _primary_width
            OUTLINECOLOR _trunk_bridge_clr
            OUTLINEWIDTH _trunk_bridge_width
            LINECAP BUTT
        END
        STYLE
            WIDTH _primary_width
            COLOR _trunk_clr
        END
    END
#endif
#if _display_primaries == 1
    CLASS
        EXPRESSION ("[bridge]"="1" and ("[type]" = "primary" or "[type]" = "primary_link"))
#if _display_primary_outline
        STYLE
        END
#endif
        STYLE
            WIDTH _primary_width
            OUTLINECOLOR _primary_bridge_clr
            OUTLINEWIDTH _primary_bridge_width
            LINECAP BUTT
        END
        STYLE
            WIDTH _primary_width
            COLOR _primary_clr 
        END
    END
#endif
#if _display_secondaries == 1
    CLASS
        EXPRESSION ("[bridge]"="1" and ("[type]" = "secondary" or "[type]" = "secondary_link"))
#if _display_secondary_outline
        STYLE
        END
#endif
        STYLE
            WIDTH _secondary_width
            OUTLINECOLOR _secondary_bridge_clr
            OUTLINEWIDTH _secondary_bridge_width
            LINECAP BUTT
        END
        STYLE
            WIDTH _secondary_width
            COLOR _secondary_clr
        END
    END
#endif
#if _display_tertiaries == 1
    CLASS
        EXPRESSION ("[bridge]"="1" and ("[type]"= "tertiary" or "[type]"="tertiary_link"))
#if _display_tertiary_outline
        STYLE
        END
#endif
        STYLE
            WIDTH _tertiary_width
            OUTLINECOLOR _tertiary_bridge_clr
            OUTLINEWIDTH _tertiary_bridge_width
            LINECAP BUTT
        END
        STYLE
            WIDTH _tertiary_width
            COLOR _tertiary_clr
        END
    END
#endif
#if _display_other_roads == 1
    CLASS
        EXPRESSION ("[bridge]"="1" and ("[type]"="classified" or "[type]"="residential" or "[type]"="service" or "[type]"="road" or "[type]"="living_street"))
#if _display_other_outline
        STYLE
        END
#endif
        STYLE
            WIDTH _other_width
            OUTLINECOLOR _other_bridge_clr
            OUTLINEWIDTH _other_bridge_width
            LINECAP BUTT
        END
        STYLE
            WIDTH _other_width
            COLOR _other_clr
        END
    END
#endif
#if _display_pedestrian == 1
    CLASS
        EXPRESSION ("[bridge]"="1" and "[type]" = 'pedestrian')
#if _display_pedestrian_outline
        STYLE
        END
#endif
        STYLE
            WIDTH _pedestrian_width 
            OUTLINECOLOR _pedestrian_bridge_clr
            OUTLINEWIDTH _pedestrian_bridge_width
            LINECAP BUTT
        END
        STYLE
            WIDTH _pedestrian_width 
            COLOR _pedestrian_clr
        END
    END
#endif
#endif
##(endif bridges)

#if _display_tunnels == 1
#if _display_motorways == 1
    CLASS
        EXPRESSION ("[type]"="motorway" and "[tunnel]"="1")
        STYLE
            WIDTH _motorway_width
            COLOR _motorway_clr
            OPACITY _tunnel_opacity
        END
    END
#endif
#if _display_motorway_links == 1
    CLASS
        EXPRESSION ("[type]"="motorway_link" and "[tunnel]"="1")
        STYLE
            WIDTH _primary_width
            COLOR _motorway_clr
            OPACITY _tunnel_opacity
        END
    END
#endif
#if _display_trunks == 1
    CLASS
        EXPRESSION ("[type]"="trunk" and "[tunnel]"="1")
        STYLE
            WIDTH _trunk_width
            COLOR _trunk_clr
            OPACITY _tunnel_opacity
        END
    END
#endif
#if _display_trunk_links == 1
    CLASS
        EXPRESSION ("[type]"="trunk_link" and "[tunnel]"="1")
        STYLE
            WIDTH _primary_width
            COLOR _trunk_clr
            OPACITY _tunnel_opacity
        END
    END
#endif
#if _display_primaries == 1
    CLASS
        EXPRESSION (("[type]"="primary" or "[type]"="primary_link") and "[tunnel]"="1")
        STYLE
            WIDTH _primary_width
            COLOR _primary_clr
            OPACITY _tunnel_opacity
        END
    END
#endif
#if _display_secondaries == 1
    CLASS
        EXPRESSION (("[type]"="secondary" or "[type]"="secondary_link") and "[tunnel]"="1")
        STYLE
            WIDTH _secondary_width
            COLOR _secondary_clr
            OPACITY _tunnel_opacity
        END
    END
#endif
#if _display_tertiaries == 1
    CLASS
        EXPRESSION (("[type]"="tertiary" or "[type]"="tertiary_link") and "[tunnel]"="1")
        STYLE
            WIDTH _tertiary_width
            COLOR _tertiary_clr
            OPACITY _tunnel_opacity
        END
    END
#endif
#if _display_other_roads == 1
    CLASS
        EXPRESSION (('[type]'='unclassified' or '[type]'='residential' or '[type]'='service'  or "[type]"="living_street") and "[tunnel]"="1")
        STYLE
            WIDTH _other_width
            COLOR _other_clr
            OPACITY _tunnel_opacity
        END
    END
#endif
#endif
##(display_roads_tunnels)
#if _display_motorways == 1
    CLASS
        EXPRESSION "motorway"
        TEXT ("[ref]")
#if _display_motorway_outline
        STYLE
           WIDTH _motorway_width
           OUTLINEWIDTH _motorway_ol_width
           OUTLINECOLOR _motorway_ol_clr
        END
#endif
        STYLE
            WIDTH _motorway_width
            COLOR _motorway_clr
        END
#if _label_motorways == 1
        LABEL
            TYPE TRUETYPE
            PARTIALS FALSE
            PRIORITY 1
            FONT _motorway_font
            SIZE _motorway_lbl_size
            MINDISTANCE 200
            REPEATDISTANCE 400
            MINFEATURESIZE AUTO
            COLOR _motorway_lbl_clr
            ANGLE FOLLOW
            BUFFER 3
        END
#endif
    END
#endif
#if _display_motorway_links == 1
    CLASS
        EXPRESSION "motorway_link"
#if _display_motorway_outline
        STYLE
           WIDTH _primary_width
           OUTLINEWIDTH _motorway_ol_width
           OUTLINECOLOR _motorway_ol_clr
        END
#endif
        STYLE
            WIDTH _primary_width
            COLOR _motorway_clr
        END
    END
#endif
#if _display_trunks == 1
    CLASS
        EXPRESSION "trunk"
        TEXT ("[ref]")
#if _display_trunk_outline
        STYLE
           WIDTH _trunk_width
           OUTLINEWIDTH _trunk_ol_width
           OUTLINECOLOR _trunk_ol_clr
        END
#endif
        STYLE
            WIDTH _trunk_width 
            COLOR _trunk_clr
        END
#if _label_trunks == 1
        LABEL
            TYPE TRUETYPE
            PARTIALS FALSE
            FONT _trunk_font
            SIZE _trunk_lbl_size
            MINDISTANCE 200
            REPEATDISTANCE 400
            MINFEATURESIZE AUTO
            COLOR _trunk_lbl_clr
            ANGLE FOLLOW
            BUFFER 3
        END
#endif
    END
#endif
#if _display_trunk_links == 1
    CLASS
        EXPRESSION "trunk_link"
#if _display_trunk_outline
        STYLE
           WIDTH _primary_width
           OUTLINEWIDTH _trunk_ol_width
           OUTLINECOLOR _trunk_ol_clr
        END
#endif
        STYLE
            WIDTH _primary_width
            COLOR _trunk_clr
        END
    END
#endif
#if _display_primaries == 1
    CLASS
        EXPRESSION /primary/
#if _display_primary_outline
        STYLE
           WIDTH _primary_width
           OUTLINEWIDTH _primary_ol_width
           OUTLINECOLOR _primary_ol_clr
        END
#endif
        STYLE
            WIDTH _primary_width 
            COLOR _primary_clr
        END
#if _label_primaries == 1
        LABEL
            TYPE TRUETYPE
            PARTIALS FALSE
            FONT _primary_font
            SIZE _primary_lbl_size
            MINDISTANCE 200
            REPEATDISTANCE 400
            MINFEATURESIZE AUTO
            COLOR _primary_lbl_clr
            OUTLINECOLOR _primary_lbl_ol_clr
            OUTLINEWIDTH 2
            ANGLE FOLLOW
            BUFFER 3
        END
#endif
    END
#endif
#if _display_secondaries == 1
    CLASS
        EXPRESSION /secondary/
#if _display_secondary_outline
        STYLE
           WIDTH _secondary_width
           OUTLINEWIDTH _secondary_ol_width
           OUTLINECOLOR _secondary_ol_clr
        END
#endif
        STYLE
            WIDTH _secondary_width
            COLOR _secondary_clr
        END
#if _label_secondaries == 1
        LABEL
            TYPE TRUETYPE
            PARTIALS FALSE 
            FONT _secondary_font
            SIZE _secondary_lbl_size 
            MINDISTANCE 200
            REPEATDISTANCE 400
            ANGLE FOLLOW
            COLOR _secondary_lbl_clr
            OUTLINECOLOR _secondary_lbl_ol_clr
            OUTLINEWIDTH 2
            MINFEATURESIZE AUTO
            BUFFER 3
        END
#endif
    END
#endif
#if _display_tertiaries == 1
    CLASS
        EXPRESSION /tertiary/
#if _display_tertiary_outline
        STYLE
           WIDTH _tertiary_width
           OUTLINEWIDTH _tertiary_ol_width
           OUTLINECOLOR _tertiary_ol_clr
        END
#endif
        STYLE
            WIDTH _tertiary_width
            COLOR _tertiary_clr
        END
#if _label_tertiaries == 1
        LABEL
            TYPE TRUETYPE
            PARTIALS FALSE
            FONT _tertiary_font
            SIZE _tertiary_lbl_size
            MINDISTANCE 200
            REPEATDISTANCE 400
            ANGLE FOLLOW
            COLOR _tertiary_lbl_clr
            OUTLINECOLOR _tertiary_lbl_ol_clr
            OUTLINEWIDTH 2
            MINFEATURESIZE AUTO
            BUFFER 3
        END
#endif
    END
#endif
#if _display_other_roads == 1
    CLASS
        EXPRESSION /unclassified|residential|service|road|living_street/
#if _display_other_outline
        STYLE
           WIDTH _other_width
           OUTLINEWIDTH _other_ol_width
           OUTLINECOLOR _other_ol_clr
        END
#endif
        STYLE
            WIDTH _other_width
            COLOR _other_clr
        END
#if _label_other_roads == 1
        LABEL
            TYPE TRUETYPE
            PARTIALS FALSE
            FONT _other_font
            SIZE _other_lbl_size
            MINDISTANCE 200
            REPEATDISTANCE 400
            ANGLE FOLLOW
            COLOR _other_lbl_clr
            OUTLINECOLOR _other_lbl_ol_clr
            OUTLINEWIDTH 2
            MINFEATURESIZE AUTO
            BUFFER 3
        END
#endif
    END
#endif
#if _display_tracks == 1
    CLASS
        EXPRESSION "track"
#if _display_track_outline
        STYLE
           WIDTH _track_width
           OUTLINEWIDTH _track_ol_width
           OUTLINECOLOR _track_ol_clr
        END
#endif
        STYLE
            PATTERN _track_pattern END
            WIDTH _track_width
            COLOR _track_clr
        END
#if _label_track == 1
        LABEL
            TYPE TRUETYPE
            PARTIALS FALSE
            FONT _track_font
            SIZE _track_lbl_size
            MINDISTANCE 200
            REPEATDISTANCE 400
            ANGLE FOLLOW
            COLOR _track_lbl_clr
            OUTLINECOLOR _track_lbl_ol_clr
            OUTLINEWIDTH 2
            MINFEATURESIZE AUTO
            BUFFER 3
        END
#endif
    END
#endif
#if _display_footways == 1
    CLASS
        EXPRESSION 'footway'
#if _display_footway_outline
        STYLE
           WIDTH _footway_width
           OUTLINEWIDTH _footway_ol_width
           OUTLINECOLOR _footway_ol_clr
        END
#endif
        STYLE
            PATTERN _footway_pattern END
            WIDTH _footway_width
            COLOR _footway_clr
        END
    END
#endif
#if _display_pedestrian == 1
    CLASS
        EXPRESSION 'pedestrian'
#if _display_pedestrian_outline
        STYLE
           WIDTH _pedestrian_width
           OUTLINEWIDTH _pedestrian_ol_width
           OUTLINECOLOR _pedestrian_ol_clr
        END
#endif
        STYLE
            WIDTH _pedestrian_width 
            COLOR _pedestrian_clr
        END
#if _label_pedestrian == 1
        LABEL
            TYPE TRUETYPE
            PARTIALS FALSE
            FONT _pedestrian_font
            SIZE _pedestrian_lbl_size
            MINDISTANCE 200
            REPEATDISTANCE 400
            ANGLE FOLLOW
            COLOR _pedestrian_lbl_clr
            OUTLINECOLOR _pedestrian_lbl_ol_clr
            OUTLINEWIDTH 2
            MINFEATURESIZE AUTO
            BUFFER 3
        END
#endif
    END
#endif
END

#if _display_interstate_shields == 1 || _display_ushwy_shields == 1 || _display_secondary_shields == 1
LAYER
    GROUP "default"
    STATUS ON
    TYPE ANNOTATION
    MINSCALEDENOM _minscale
    MAXSCALEDENOM _maxscale
    NAME layername(roads,_layer_suffix)
    CONNECTIONTYPE postgis
    CONNECTION _db_connection
    DATA _roads_shield_data

    CLASSITEM "shield_class"
    LABELITEM "shield_no"
    CLASS
        EXPRESSION "I"
#if _display_interstate_shields == 1
        LABEL
            TYPE TRUETYPE
            PARTIALS FALSE
            PRIORITY 1
            FONT _highway_shield_font
            SIZE _interstate_shield_lbl_size
            REPEATDISTANCE 200
            MINDISTANCE 300
            MINFEATURESIZE AUTO
            COLOR _interstate_shield_lbl_clr
            BUFFER 5
            STYLE
              SYMBOL _interstate_shield_symbol
              SIZE _interstate_shield_size
            END
        END
#endif
    END
    CLASS
        EXPRESSION "US"
#if _display_ushwy_shields == 1
        LABEL
            TYPE TRUETYPE
            PARTIALS FALSE
            PRIORITY 1
            FONT _highway_shield_font
            SIZE _ushwy_shield_lbl_size
            REPEATDISTANCE 200
            MINDISTANCE 300
            MINFEATURESIZE AUTO
            COLOR _ushwy_shield_lbl_clr
            BUFFER 5
            STYLE
              SYMBOL _ushwy_shield_symbol
              SIZE _ushwy_shield_size
            END
        END
#endif
    END
    CLASS
        EXPRESSION "SR"
#if _display_secondary_shields == 1
        LABEL
            TYPE TRUETYPE
            PARTIALS FALSE
            PRIORITY 1
            FONT _highway_shield_font
            SIZE _secondary_shield_lbl_size
            REPEATDISTANCE 200
            MINDISTANCE 300
            MINFEATURESIZE AUTO
            COLOR _secondary_shield_lbl_clr
            BUFFER 5
            STYLE
              SYMBOL _secondary_shield_symbol
              SIZE _secondary_shield_size
            END
        END
#endif
    END
## Catch-all class to ensure motorways/trunks with no shields will get a regular label
## (This can happen either outside US or inside US if prefix is unknown)
#if _display_catchall_shields == 1
    CLASS
        EXPRESSION ("[type]"="motorway" or "[type]"="trunk")
        TEXT ("[ref]")
        LABEL
            TYPE TRUETYPE
            PARTIALS FALSE
            PRIORITY 1
            FONT _motorway_font
            SIZE _motorway_lbl_size
            REPEATDISTANCE 200
            MINDISTANCE 300
            MINFEATURESIZE AUTO
            COLOR _motorway_lbl_clr
            BUFFER 3
            ANGLE FOLLOW
        END
    END
#endif 
END
#endif // display shields?
    

#if _display_aeroways == 1
LAYER
    GROUP "default"
    STATUS ON
    MINSCALEDENOM _minscale
    MAXSCALEDENOM _maxscale
    TYPE LINE
    NAME layername(aeroways,_layer_suffix)
    CONNECTIONTYPE postgis
    CONNECTION _db_connection
    DATA "geometry from (select geometry, osm_id, type from OSM_PREFIX_aeroways) as foo using unique osm_id using srid=OSM_SRID"
    CLASSITEM "type"
    CLASS
      EXPRESSION "runway"
      STYLE
        COLOR _runway_clr
        WIDTH _runway_width
        LINECAP BUTT
        LINEJOIN MITER
      END
      STYLE
        COLOR _runway_center_clr
        WIDTH _runway_center_width
        PATTERN _runway_center_pattern END
        LINECAP BUTT
      END
    END
    CLASS
      EXPRESSION "taxiway"
      STYLE
        COLOR _taxiway_clr
        WIDTH _taxiway_width
      END
    END
END
#endif
#endif    
