LAYER
    TYPE POLYGON
    STATUS ON
    PROJECTION
        "init=epsg:OSM_SRID"
    END
    NAME "landuse_far"
    GROUP "default"
    CONNECTIONTYPE POSTGIS
    CONNECTION _db_connection
    DATA _landusage_data
    PROCESSING "LABEL_NO_CLIP=ON"
    PROCESSING "CLOSE_CONNECTION=DEFER"
    MAXSCALEDENOM _maxscale
    MINSCALEDENOM _minscale
    CLASSITEM "type"
    LABELITEM "name"
    CLASS
       EXPRESSION /forest|wood/
       STYLE
          COLOR _forest_clr
       END
    END
    CLASS
       EXPRESSION 'residential'
       STYLE
          COLOR _residential_clr
       END
   END
   CLASS
      EXPRESSION 'pedestrian'
      STYLE
         COLOR _pedestrian_clr
      END
#if _display_landuse_pedestrian_lbl==1
      LABEL
         _default_lbl
         FONT _landuse_font
         SIZE _landuse_font_size
         COLOR _landuse_pedestrian_font_clr
         OUTLINECOLOR _landuse_pedestrian_font_ol_clr
         WRAP ' '
         MAXLENGTH 6
         ALIGN CENTER
      END
#endif
   END
   CLASS
        EXPRESSION /industrial|commercial|parking/
        STYLE
            COLOR _industrial_clr
        END
        LABEL
        _default_lbl
          FONT _landuse_font
        MAXSCALEDENOM 30000
            SIZE 7
            COLOR 0 0 0
            OUTLINECOLOR 255 255 255
            PRIORITY 2
            WRAP ' '
            MAXLENGTH 6
            ALIGN CENTER
        END
    END
    CLASS
        EXPRESSION 'cemetery'
        STYLE
            COLOR _cemetery_clr
        END
        LABEL
        _default_lbl
          FONT _landuse_font
        MAXSCALEDENOM 30000
            SIZE 7
            COLOR 0 0 0
            OUTLINECOLOR 255 255 255
            PRIORITY 2
            WRAP ' '
            MAXLENGTH 6
            ALIGN CENTER
        END
    END
 
    CLASS
        EXPRESSION /park|golf_course/
        STYLE
            COLOR _park_clr
        END
        LABEL
        _default_lbl
          FONT _landuse_font
        MAXSCALEDENOM 30000
            SIZE 7
            COLOR _park_lbl_clr
            OUTLINECOLOR 255 255 255
            PRIORITY 2
            POSITION cc
            WRAP ' '
            MAXLENGTH 6
            ALIGN CENTER
        END
    END
    CLASS
        EXPRESSION 'hospital'
        STYLE
            COLOR _hospital_clr
        END
         LABEL
          _default_lbl
          FONT _landuse_font
            MAXSCALEDENOM 15000
            SIZE 7
            COLOR 0 0 0
            OUTLINECOLOR 255 255 255
            PRIORITY 1
            WRAP ' '
            MAXLENGTH 6
            ALIGN CENTER
        END
    END
    CLASS
        EXPRESSION /school|college|university/
        STYLE
            COLOR _education_clr
        END
        LABEL
            _default_lbl
          FONT _landuse_font
            MAXSCALEDENOM 15000
            SIZE 7
            COLOR 0 0 0
            OUTLINECOLOR 255 255 255
            PRIORITY 1
            WRAP ' '
            MAXLENGTH 6
            ALIGN CENTER
        END
    END
END

LAYER
    TYPE POLYGON
    STATUS ON
    PROJECTION
        "init=epsg:OSM_SRID"
    END
    NAME "waterarea"
    GROUP "default"
    CONNECTIONTYPE POSTGIS
    CONNECTION _db_connection
    DATA "geometry from (select geometry,osm_id ,name from OSM_PREFIX_waterareas) as foo using unique osm_id using srid=OSM_SRID"
    MAXSCALEDENOM _maxscale
    MINSCALEDENOM _minscale  
    PROCESSING "CLOSE_CONNECTION=DEFER"
    LABELITEM "name"
    CLASS
        STYLE
            COLOR _water_clr
        END
#if _display_waterarea_lbl == 1
        LABEL
          _default_lbl
          FONT _water_font
          MINDISTANCE 400
          SIZE _waterarea_lbl_size
          COLOR _water_lbl_clr
          OUTLINECOLOR _water_lbl_ol_clr
          WRAP ' '
          MAXLENGTH 5
          ALIGN CENTER
        END
#endif
    END
END

#if _display_waterways == 1
LAYER
    TYPE LINE
    NAME "waterway"
    GROUP "default"
    CONNECTIONTYPE POSTGIS
    CONNECTION _db_connection
    DATA _waterways_data
    CLASSITEM "type"
    MAXSCALEDENOM _maxscale
    MINSCALEDENOM _minscale
    LABELITEM "name"
    PROJECTION
        "init=epsg:OSM_SRID"
    END
    PROCESSING "CLOSE_CONNECTION=DEFER"
    CLASS
        EXPRESSION "river"
        STYLE
            COLOR _water_clr 
            WIDTH _river_width
        END
#if _display_river_lbl == 1
        LABEL
          _default_lbl
          FONT _water_font
          MINDISTANCE 400
          SIZE _river_lbl_size
          COLOR _water_lbl_clr
          OUTLINECOLOR _water_lbl_ol_clr
          ANGLE FOLLOW
        END
#endif
    END
    CLASS
        EXPRESSION "stream"
        STYLE
            COLOR _water_clr
            WIDTH _stream_width
        END
#if _display_stream_lbl == 1
        LABEL
          _default_lbl
          FONT _water_font
          MINDISTANCE 400
          SIZE _stream_lbl_size
          COLOR _water_lbl_clr
          OUTLINECOLOR _water_lbl_ol_clr
          ANGLE FOLLOW
        END
#endif
    END
    CLASS
        EXPRESSION "canal"
        STYLE
            COLOR _water_clr
            WIDTH _canal_width
        END
#if _display_canal_lbl == 1
        LABEL
          _default_lbl
          FONT _water_font
          MINDISTANCE 400
          SIZE _canal_lbl_size
          COLOR _water_lbl_clr
          OUTLINECOLOR _water_lbl_ol_clr
          ANGLE FOLLOW
        END
#endif
    END
END
#endif

