#if _display_landusage == 1
LAYER
    TYPE POLYGON
    STATUS ON
    PROJECTION
        "init=epsg:OSM_SRID"
    END
    NAME layername(landuse,_layer_suffix)
    GROUP "default"
    CONNECTIONTYPE POSTGIS
    CONNECTION "OSM_DB_CONNECTION"
    DATA _landusage_data
    PROCESSING "LABEL_NO_CLIP=ON"
    PROCESSING "CLOSE_CONNECTION=DEFER"
    MAXSCALEDENOM _maxscale
    MINSCALEDENOM _minscale
    CLASSITEM "type"
    LABELITEM "name"
    CLASS
       EXPRESSION {forest,wood}
#if _display_geometries == 1
       STYLE
          COLOR _forest_clr
       END
#endif
#if _display_forest_lbl==1
#if _display_labels == 1
      LABEL
         TYPE TRUETYPE
         FONT _forest_font
         SIZE _forest_lbl_size
         COLOR _forest_lbl_clr
         OUTLINECOLOR _forest_lbl_ol_clr
         OUTLINEWIDTH _forest_lbl_ol_width
         WRAP ' '
         MAXLENGTH 6
         ALIGN CENTER
         MINFEATURESIZE AUTO
         PARTIALS FALSE
      END
#endif
#endif
    END
    CLASS
       EXPRESSION 'residential'
#if _display_geometries == 1
       STYLE
          COLOR _residential_clr
          OUTLINECOLOR _residential_ol_clr
          OUTLINEWIDTH _residential_ol_width
       END
#endif
#if _display_residential_lbl==1
#if _display_labels == 1
      LABEL
         TYPE TRUETYPE
         FONT _residential_font
         SIZE _residential_lbl_size
         COLOR _residential_lbl_clr
         OUTLINECOLOR _residential_lbl_ol_clr
         OUTLINEWIDTH _residential_lbl_ol_width
         WRAP ' '
         MAXLENGTH 6
         ALIGN CENTER
         MINFEATURESIZE AUTO
         PARTIALS FALSE
      END
#endif
#endif
   END
   CLASS
     EXPRESSION {industrial,commercial,parking}
#if _display_geometries == 1
     STYLE
       COLOR _industrial_clr
       OUTLINECOLOR _industrial_ol_clr
       OUTLINEWIDTH _industrial_ol_width
     END
#endif
#if _display_industrial_lbl==1
#if _display_labels == 1
     LABEL
       ENCODING "utf-8"
       TYPE TRUETYPE
       FONT _industrial_font
       SIZE _industrial_lbl_size
       COLOR _industrial_lbl_clr
       OUTLINECOLOR _industrial_lbl_ol_clr
       OUTLINEWIDTH _pedestrian_lbl_ol_width
       PRIORITY 2
       WRAP ' '
       MAXLENGTH 6
       ALIGN CENTER
       MINFEATURESIZE AUTO
       PARTIALS FALSE
     END
#endif
#endif
    END
    CLASS
        EXPRESSION {park,golf_course}
#if _display_geometries == 1
        STYLE
            COLOR _park_clr
        END
#endif
#if _display_park_lbl==1
#if _display_labels == 1
        LABEL
          TYPE TRUETYPE
          PARTIALS FALSE
          FONT _park_font
          SIZE _park_lbl_size
       ENCODING "utf-8"
          COLOR _park_lbl_clr
          OUTLINECOLOR _park_lbl_ol_clr
          OUTLINEWIDTH _park_lbl_ol_width
          PRIORITY 2
          POSITION cc
          WRAP ' '
          MAXLENGTH 6
          ALIGN CENTER
          MINFEATURESIZE AUTO
        END
#endif
#endif
    END
    CLASS
        EXPRESSION 'cemetery'
#if _display_geometries == 1
        STYLE
          COLOR _cemetery_clr
        END
#endif
#if _display_cemetery_lbl==1
#if _display_labels == 1
        LABEL
          TYPE TRUETYPE
          PARTIALS FALSE
          FONT _cemetery_font
            ENCODING "utf-8"
            SIZE _cemetery_lbl_size
            COLOR _cemetery_lbl_clr
            OUTLINECOLOR _cemetery_lbl_ol_clr
            OUTLINEWIDTH _cemetery_lbl_ol_width
            PRIORITY 2
            WRAP ' '
            MAXLENGTH 6
            ALIGN CENTER
            MINFEATURESIZE AUTO
        END
#endif
#endif
    END
   CLASS
      EXPRESSION 'pedestrian'
#if _display_geometries == 1
      STYLE
         COLOR _pedestrian_clr
      END
#endif
#if _display_pedestrian_lbl==1
#if _display_labels == 1
      LABEL
         TYPE TRUETYPE
         FONT _pedestrian_font
         SIZE _pedestrian_lbl_size
         COLOR _pedestrian_lbl_clr
         OUTLINECOLOR _pedestrian_lbl_ol_clr
         OUTLINEWIDTH _pedestrian_lbl_ol_width
         WRAP ' '
         MAXLENGTH 6
         ALIGN CENTER
         MINFEATURESIZE AUTO
         PARTIALS FALSE
      END
#endif
#endif
   END
 
    CLASS
        EXPRESSION 'hospital'
#if _display_geometries == 1
        STYLE
            COLOR _hospital_clr
        END
#endif
#if _display_hospital_lbl==1
#if _display_labels == 1
         LABEL
          TYPE TRUETYPE
          PARTIALS FALSE
          FONT _hospital_font
          SIZE _hospital_lbl_size
          COLOR _hospital_lbl_clr
          OUTLINECOLOR _hospital_lbl_ol_clr
       ENCODING "utf-8"
          OUTLINEWIDTH _hospital_lbl_ol_width
          PRIORITY 1
          WRAP ' '
          MAXLENGTH 6
          ALIGN CENTER
          MINFEATURESIZE AUTO
        END
#endif
#endif
    END
    CLASS
        EXPRESSION {school,college,university}
#if _display_geometries == 1
        STYLE
            COLOR _education_clr
        END
#endif
#if _display_education_lbl==1
#if _display_labels == 1
        LABEL
          TYPE TRUETYPE
          PARTIALS FALSE
          FONT _education_font
          SIZE _education_lbl_size
       ENCODING "utf-8"
          COLOR _education_lbl_clr
          OUTLINECOLOR _education_lbl_ol_clr
          OUTLINEWIDTH _education_lbl_ol_width
          PRIORITY 1
          WRAP ' '
          MAXLENGTH 6
          ALIGN CENTER
          MINFEATURESIZE AUTO
        END
#endif
#endif
    END
    CLASS
      EXPRESSION {sports_center,stadium,pitch}
#if _display_geometries == 1
      STYLE
          COLOR _sports_clr
      END
#endif
#if _display_sports_lbl==1
#if _display_labels == 1
      LABEL
        TYPE TRUETYPE
        PARTIALS FALSE
        FONT _sports_font
        SIZE _sports_lbl_size
        COLOR _sports_lbl_clr
        OUTLINECOLOR _sports_lbl_ol_clr
       ENCODING "utf-8"
        OUTLINEWIDTH _sports_lbl_ol_width
        PRIORITY 1
        WRAP ' '
        MAXLENGTH 6
        ALIGN CENTER
        MINFEATURESIZE AUTO
      END
#endif
#endif
    END
END

#if _display_transport_areas == 1
LAYER
   TYPE POLYGON
   STATUS ON
   PROJECTION
       "init=epsg:OSM_SRID"
   END
   NAME layername(transport_areas,_layer_suffix)
   GROUP "default"
   CONNECTIONTYPE POSTGIS
   CONNECTION "OSM_DB_CONNECTION"
   DATA "geometry from OSM_PREFIX_transport_areas using unique osm_id using srid=OSM_SRID"
   PROCESSING "CLOSE_CONNECTION=DEFER"
   MAXSCALEDENOM _maxscale
   MINSCALEDENOM _minscale
   LABELITEM "name"
   CLASS
#if _display_geometries == 1
      STYLE
         COLOR _transport_clr
      END
#endif
#if _display_transports_lbl==1
#if _display_labels == 1
      LABEL
        TYPE TRUETYPE
        PARTIALS FALSE
        FONT _transport_font
        SIZE _transport_lbl_size
        COLOR _stransport_lbl_clr
        OUTLINECOLOR _transport_lbl_ol_clr
        OUTLINEWIDTH _transport_lbl_ol_width
        PRIORITY 1
        WRAP ' '
        MAXLENGTH 6
        ALIGN CENTER
        MINFEATURESIZE AUTO
      END
#endif
#endif
   END
END

#endif

LAYER
    TYPE POLYGON
    STATUS ON
    PROJECTION
        "init=epsg:OSM_SRID"
    END
    NAME layername(waterarea,_layer_suffix)
    GROUP "default"
    CONNECTIONTYPE POSTGIS
    CONNECTION "OSM_DB_CONNECTION"
    DATA _waterarea_data
    MAXSCALEDENOM _maxscale
    MINSCALEDENOM _minscale  
    PROCESSING "CLOSE_CONNECTION=DEFER"
    LABELITEM "name"
    CLASSITEM "type"
#if _display_geometries == 1
    CLASS
      EXPRESSION "riverbank"
        STYLE
            COLOR _waterarea_clr
            OUTLINECOLOR _waterarea_ol_clr
            OUTLINEWIDTH _waterarea_ol_width
        END
    END
#endif
    CLASS
#if _display_geometries == 1
        STYLE
            COLOR _waterarea_clr
            OUTLINECOLOR _waterarea_ol_clr
            OUTLINEWIDTH _waterarea_ol_width
        END
#endif
#if _display_waterarea_lbl == 1
#if _display_labels == 1
        LABEL
          TYPE TRUETYPE
          PARTIALS FALSE
          FONT _waterarea_font
          MINDISTANCE 200
          SIZE _waterarea_lbl_size
          COLOR _waterarea_lbl_clr
       ENCODING "utf-8"
          OUTLINECOLOR _waterarea_lbl_ol_clr
          OUTLINEWIDTH _waterarea_lbl_ol_width
          WRAP ' '
          MAXLENGTH 5
          ALIGN CENTER
          MINFEATURESIZE AUTO
        END
#endif
#endif
    END
END

#if _display_waterways == 1
LAYER
    TYPE LINE
    NAME layername(waterways,_layer_suffix)
    STATUS ON
    GROUP "default"
    CONNECTIONTYPE POSTGIS
    CONNECTION "OSM_DB_CONNECTION"
    DATA _waterways_data
    CLASSITEM "type"
    MAXSCALEDENOM _maxscale
    MINSCALEDENOM _minscale
    LABELITEM "name"
    PROJECTION
        "init=epsg:OSM_SRID"
    END
    PROCESSING "CLOSE_CONNECTION=DEFER"
    CLASS
        EXPRESSION "river"
#if _display_geometries == 1
        STYLE
            COLOR _river_clr 
            WIDTH _river_width
        END
#endif
#if _display_river_lbl == 1
#if _display_labels == 1
        LABEL
          TYPE TRUETYPE
          PARTIALS FALSE
          FONT _river_font
          MINDISTANCE 200
          SIZE _river_lbl_size
          COLOR _river_lbl_clr
          OUTLINECOLOR _river_lbl_ol_clr
          OUTLINEWIDTH _river_lbl_ol_width
          REPEATDISTANCE 400
          ENCODING "utf-8"
          MINFEATURESIZE AUTO
          ANGLE FOLLOW
          BUFFER 3
        END
#endif
#endif
    END
    CLASS
        EXPRESSION "stream"
#if _display_geometries == 1
        STYLE
            COLOR _stream_clr
            WIDTH _stream_width
        END
#endif
#if _display_stream_lbl == 1
#if _display_labels == 1
        LABEL
          TYPE TRUETYPE
          PARTIALS FALSE
          FONT _stream_font
          MINDISTANCE 200
            REPEATDISTANCE 400
          SIZE _stream_lbl_size
          COLOR _stream_lbl_clr
          OUTLINECOLOR _stream_lbl_ol_clr
          OUTLINEWIDTH _stream_lbl_ol_width
          MINFEATURESIZE AUTO
       ENCODING "utf-8"
          ANGLE FOLLOW
          BUFFER 3
        END
#endif
#endif
    END
    CLASS
        EXPRESSION "canal"
#if _display_geometries == 1
        STYLE
            COLOR _canal_clr
            WIDTH _canal_width
        END
#endif
#if _display_canal_lbl == 1
#if _display_labels == 1
        LABEL
          TYPE TRUETYPE
          FONT _canal_font
          MINDISTANCE 200
            REPEATDISTANCE 400
          SIZE _canal_lbl_size
          COLOR _canal_lbl_clr
       ENCODING "utf-8"
          OUTLINECOLOR _canal_lbl_ol_clr
          OUTLINEWIDTH _canal_lbl_ol_width
          MINFEATURESIZE AUTO
          ANGLE FOLLOW
          BUFFER 3
          PARTIALS FALSE
        END
#endif
#endif
    END
END
#endif
#endif
