LAYER
    TYPE POLYGON
    STATUS ON
    PROJECTION
        "init=epsg:OSM_SRID"
    END
    NAME "landuse_layer1"
    GROUP "default"
    CONNECTIONTYPE POSTGIS
    CONNECTION _db_connection
    DATA "way from (select way,osm_id ,landuse, name from OSM_PREFIX_polygon where landuse IN ('industrial', 'commercial', 'airport', 'brownfield', 'military', 'railway', 'residential')) as foo using unique osm_id using srid=OSM_SRID"
    PROCESSING "LABEL_NO_CLIP=ON"
    PROCESSING "CLOSE_CONNECTION=DEFER"
    CLASSITEM "landuse"
    LABELITEM "name"
    MAXSCALEDENOM 1000010   
    CLASS
        EXPRESSION ('[landuse]'='industrial' or '[landuse]'='commercial' or '[landuse]'='airport' or '[landuse]'='brownfield' or '[landuse]'='military' or '[landuse]'='railway')
        STYLE
            COLOR _industrial_clr
        END
        LABEL
        _default_lbl
        MAXSCALEDENOM 30000
            SIZE 7
            COLOR 0 0 0
            OUTLINECOLOR 255 255 255
            PRIORITY 2
            WRAP ' '
            MAXLENGTH 6
            ALIGN CENTER
        END
    END
    CLASS
        EXPRESSION ('[landuse]'='residential')
        STYLE
            COLOR _residential_clr
        END
    END
    
END

LAYER
    TYPE POLYGON
    STATUS ON
    PROJECTION
        "init=epsg:OSM_SRID"
    END
    GROUP "default"
    NAME "landuse_layer2"
    CONNECTIONTYPE postgis
    CONNECTION _db_connection
    DATA "way from (select way,osm_id ,leisure , landuse, name from OSM_PREFIX_polygon where leisure='park' or leisure='golf_course' or landuse='recreation_ground' or landuse='cemetery') as foo using unique osm_id using srid=OSM_SRID"
    PROCESSING "LABEL_NO_CLIP=ON"
    PROCESSING "CLOSE_CONNECTION=DEFER"
    LABELITEM "name"
    MAXSCALEDENOM 500000
 
 CLASS
        EXPRESSION ('[landuse]'='cemetery')
        STYLE
            COLOR _cemetery_clr
        END
        LABEL
        _default_lbl
        MAXSCALEDENOM 30000
            SIZE 7
            COLOR 0 0 0
            OUTLINECOLOR 255 255 255
            PRIORITY 2
            WRAP ' '
            MAXLENGTH 6
            ALIGN CENTER
        END
 END
 
 CLASS
        STYLE
            COLOR _park_clr
        END
        LABEL
        _default_lbl
        MAXSCALEDENOM 30000
            SIZE 7
            COLOR _park_lbl_clr
            OUTLINECOLOR 255 255 255
            PRIORITY 2
            POSITION cc
            WRAP ' '
            MAXLENGTH 6
            ALIGN CENTER
        END
    END
  
END

LAYER
    STATUS ON
    PROJECTION
        "init=epsg:OSM_SRID"
    END
    GROUP "default"
    NAME "landuse_layer3"
    TYPE POLYGON
    CONNECTIONTYPE postgis
    CONNECTION _db_connection
    DATA "way from (select way,osm_id,amenity,aeroway, name from OSM_PREFIX_polygon where aeroway='apron' or amenity IN ('hospital', 'parking', 'school', 'college', 'university')) as foo using unique osm_id using srid=OSM_SRID"
    LABELITEM "name"
    CLASSITEM "amenity"
    PROCESSING "LABEL_NO_CLIP=ON"
    PROCESSING "CLOSE_CONNECTION=DEFER"
    MAXSCALEDENOM 110000
    CLASS
        EXPRESSION "hospital"
        STYLE
            COLOR _hospital_clr
        END
         LABEL
          _default_lbl
            MAXSCALEDENOM 15000
            SIZE 7
            COLOR 0 0 0
            OUTLINECOLOR 255 255 255
            PRIORITY 1
            WRAP ' '
            MAXLENGTH 6
            ALIGN CENTER
        END
    END
    CLASS
        EXPRESSION ("[amenity]"="parking" or "[aeroway]"="apron")
        STYLE
            COLOR _parking_clr
        END
    END
    CLASS
        EXPRESSION ("[amenity]"="school" or "[amenity]"="college" or "[amenity]"="university" )
        STYLE
            COLOR _education_clr
        END
        LABEL
            _default_lbl
            MAXSCALEDENOM 15000
            SIZE 7
            COLOR 0 0 0
            OUTLINECOLOR 255 255 255
            PRIORITY 1
            WRAP ' '
            MAXLENGTH 6
            ALIGN CENTER
        END
    END
END

LAYER
    TYPE POLYGON
    STATUS ON
    PROJECTION
        "init=epsg:OSM_SRID"
    END
    NAME "landuse_layer4"
    GROUP "default"
    CONNECTIONTYPE POSTGIS
    CONNECTION _db_connection
    DATA "way from (select way,osm_id ,\"natural\",landuse ,highway, name from OSM_PREFIX_polygon where landuse is not null or \"natural\"='wood' or highway='pedestrian') as foo using unique osm_id using srid=OSM_SRID"
    PROCESSING "LABEL_NO_CLIP=ON"
    PROCESSING "CLOSE_CONNECTION=DEFER"
    CLASSITEM "landuse"
    MAXSCALEDENOM 5000010   
    LABELITEM "name"
    CLASS
        EXPRESSION ('[natural]'='wood' or '[landuse]'="forest")
        STYLE
            COLOR _forest_clr
            OUTLINEWIDTH 0.3
        END
        LABEL
            MAXSCALEDENOM 600000
            _default_lbl
            SIZE 7
            COLOR _forest_lbl_clr
            OUTLINECOLOR 255 255 255
            PRIORITY 2
            WRAP ' '
            MINFEATURESIZE AUTO
            MAXLENGTH 8
            ALIGN CENTER
        END
    END
    CLASS
        EXPRESSION ('[landuse]'='grass' or '[landuse]'='farm' or '[landuse]'='greenfield' or '[landuse]'='allotments' or '[landuse]'='meadow' or '[landuse]'='field')
        STYLE
            COLOR _nature_clr
            OUTLINEWIDTH 0.3
        END
    END
  CLASS
        EXPRESSION ('[highway]'='pedestrian')
        STYLE
            COLOR _pedestrian_clr
        END
        LABEL
          _default_lbl
          MAXSCALEDENOM 11000
          SIZE 7
          COLOR 0 0 0
          OUTLINECOLOR 255 255 255
          WRAP ' '
          MAXLENGTH 6
          ALIGN CENTER
        END
    END
END

LAYER
    TYPE POLYGON
    STATUS ON
    PROJECTION
        "init=epsg:OSM_SRID"
    END
    NAME "landuse_layer5"
    GROUP "default"
    CONNECTIONTYPE POSTGIS
    CONNECTION _db_connection
    DATA "way from (select way,osm_id ,\"natural\" , name from OSM_PREFIX_polygon where \"natural\"='water' or landuse='basin' or landuse='reservoir' or waterway='riverbank') as foo using unique osm_id using srid=OSM_SRID"
    PROCESSING "LABEL_NO_CLIP=ON"
    MAXSCALEDENOM 50000010   
    PROCESSING "CLOSE_CONNECTION=DEFER"
    LABELITEM "name"
    CLASS
        STYLE
            COLOR _water_clr
        END
        LABEL
          _default_lbl
          MAXSCALEDENOM 110000
          MINDISTANCE 400
          SIZE 8
          COLOR "#6B94B0"
          OUTLINECOLOR 255 255 255
          WRAP ' '
          MAXLENGTH 5
          ALIGN CENTER
        END
    END
END

LAYER
    TYPE LINE
    NAME "landuse_layer6"
    GROUP "default"
    CONNECTIONTYPE POSTGIS
    CONNECTION _db_connection
    DATA "way from (select way,waterway,osm_id from OSM_PREFIX_line where waterway IN ('river', 'stream', 'canal')) as foo using unique osm_id using srid=OSM_SRID"
    CLASSITEM "waterway"
    SIZEUNITS meters
    MAXSCALEDENOM 1500000
    CLASS
        EXPRESSION "river"
        STYLE
            COLOR _water_clr 
            WIDTH 30
            MINWIDTH 0.5
        END
    END
    CLASS
        MAXSCALEDENOM 105000
        EXPRESSION "stream"
        STYLE
            COLOR _water_clr
            WIDTH 5
            MINWIDTH 0.5
        END
    END
    CLASS
        EXPRESSION "canal"
        STYLE
            COLOR _water_clr
            WIDTH 10
            MINWIDTH 0.5
        END
    END
END


