#define PASTER(str)  #str
#define STYLEPASTER2(stylename)   PASTER(stylename##style.msinc)
#define LEVELPASTER2(stylename,index)   PASTER(stylename##level##index.msinc)
#define STYLEPASTER(stylename)   STYLEPASTER2(stylename)
#define LEVELPASTER(stylename,level)   LEVELPASTER2(stylename,level)

## if you want unique layer names across zoom levels, use
## #define layername(name,suffix) xxstr(name)
## instead of the following macro

#define layername(name,suffix) xstr(name,suffix)
#define includefile(prefix,style) xstr(pri,suffix)
#define xstr(s,t) xxstr(s##t)
#define xxstr(s) #s

#include STYLEPASTER(THEME)
MAP

FONTSET "fonts.lst"
IMAGETYPE png
MAXSIZE 4000
SIZE 800 800
EXTENT OSM_EXTENT
UNITS OSM_UNITS 
IMAGECOLOR _ocean_clr0
WEB
   METADATA
      "ows_enable_request"   "*"
      "wms_srs" "OSM_WMS_SRS"
      "labelcache_map_edge_buffer" "-10"
      "wms_title" "OpenStreetMap"
   END
END

DEBUG _debug
#if _debug > 0 || _layerdebug > 0
CONFIG "MS_ERRORFILE" "stderr"
#endif

CONFIG "PROJ_LIB" _proj_lib
PROJECTION
   "init=epsg:OSM_SRID"
END

OUTPUTFORMAT
  NAME "png_bw"
  DRIVER "AGG/PNG"
  MIMETYPE "image/png;mode=8bit,grayscale"
  IMAGEMODE RGB
  EXTENSION "png"
  TRANSPARENT FALSE
  FORMATOPTION "PALETTE=grey.txt"
  FORMATOPTION "PALETTE_FORCE=on"
END

#include LEVELPASTER(THEME,0)
#include "land.map"
#include "landusage.map"
#include "highways.map"
#include "buildings.map"
#include "borders.map"
#include "places.map"

#include LEVELPASTER(THEME,1)
#include "land.map"
#include "landusage.map"
#include "highways.map"
#include "buildings.map"
#include "borders.map"
#include "places.map"

#include LEVELPASTER(THEME,2)
#include "land.map"
#include "landusage.map"
#include "highways.map"
#include "buildings.map"
#include "borders.map"
#include "places.map"

#include LEVELPASTER(THEME,3)
#include "land.map"
#include "landusage.map"
#include "highways.map"
#include "buildings.map"
#include "borders.map"
#include "places.map"

#include LEVELPASTER(THEME,4)
#include "land.map"
#include "landusage.map"
#include "highways.map"
#include "buildings.map"
#include "borders.map"
#include "places.map"

#include LEVELPASTER(THEME,5)
#include "land.map"
#include "landusage.map"
#include "highways.map"
#include "buildings.map"
#include "borders.map"
#include "places.map"

#include LEVELPASTER(THEME,6)
#include "land.map"
#include "landusage.map"
#include "highways.map"
#include "buildings.map"
#include "borders.map"
#include "places.map"

#include LEVELPASTER(THEME,7)
#include "land.map"
#include "landusage.map"
#include "highways.map"
#include "buildings.map"
#include "borders.map"
#include "places.map"

#include LEVELPASTER(THEME,8)
#include "land.map"
#include "landusage.map"
#include "highways.map"
#include "buildings.map"
#include "borders.map"
#include "places.map"

#include LEVELPASTER(THEME,9)
#include "land.map"
#include "landusage.map"
#include "highways.map"
#include "buildings.map"
#include "borders.map"
#include "places.map"

#include LEVELPASTER(THEME,10)
#include "land.map"
#include "landusage.map"
#include "highways.map"
#include "buildings.map"
#include "borders.map"
#include "places.map"

#include LEVELPASTER(THEME,11)
#include "land.map"
#include "landusage.map"
#include "highways.map"
#include "buildings.map"
#include "borders.map"
#include "places.map"

#include LEVELPASTER(THEME,12)
#include "land.map"
#include "landusage.map"
#include "highways.map"
#include "buildings.map"
#include "borders.map"
#include "places.map"

#include LEVELPASTER(THEME,13)
#include "land.map"
#include "landusage.map"
#include "highways.map"
#include "buildings.map"
#include "borders.map"
#include "places.map"

#include LEVELPASTER(THEME,14)
#include "land.map"
#include "landusage.map"
#include "highways.map"
#include "buildings.map"
#include "borders.map"
#include "places.map"

#include LEVELPASTER(THEME,15)
#include "land.map"
#include "landusage.map"
#include "highways.map"
#include "buildings.map"
#include "borders.map"
#include "places.map"

#include LEVELPASTER(THEME,16)
#include "land.map"
#include "landusage.map"
#include "highways.map"
#include "buildings.map"
#include "borders.map"
#include "places.map"

#include LEVELPASTER(THEME,17)
#include "land.map"
#include "landusage.map"
#include "highways.map"
#include "buildings.map"
#include "borders.map"
#include "places.map"

#include LEVELPASTER(THEME,18)
#include "land.map"
#include "landusage.map"
#include "highways.map"
#include "buildings.map"
#include "borders.map"
#include "places.map"

SYMBOL
 name "citycircle"
 type ellipse
 points 1 1 end
 filled true
END

END
