LAYER
    GROUP "default"
    STATUS ON
    TYPE LINE
    MINSCALEDENOM 10400256
    MAXSCALEDENOM 20800512
    NAME "roads5"
    CONNECTIONTYPE postgis
    CONNECTION "host=localhost dbname=osm user=ubuntu password=osm port=5436"
    DATA "geometry from (select osm_id,geometry,name as name,ref,type from osm_roads_gen0 where type in ('trunk','motorway') order by z_order asc) as foo using unique osm_id using srid=3857"
    LABELITEM "name"
    CLASSITEM "type"
    CLASS
        EXPRESSION "motorway"
        TEXT ("[ref]")
        STYLE
            WIDTH 0.5
            COLOR 152 152 152
        END
    END
    CLASS
        EXPRESSION "trunk"
        TEXT ("[ref]")
        STYLE
            WIDTH 0.5
            COLOR 173 173 173
        END
    END
    CLASS
        EXPRESSION "motorway10"
        STYLE
            WIDTH 0.5
            OUTLINECOLOR 136 136 136
            OUTLINEWIDTH 0.5
            LINECAP BUTT
        END
        STYLE
            WIDTH 0.5
            COLOR 152 152 152
        END
    END
    CLASS
        EXPRESSION "trunk10"
        STYLE
            WIDTH 0.5
            OUTLINECOLOR 136 136 136
            OUTLINEWIDTH 0.5
            LINECAP BUTT
        END
        STYLE
            WIDTH 0.5
            COLOR 173 173 173
        END
    END
    CLASS
        EXPRESSION "motorway01"
        STYLE
            WIDTH 0.5
            COLOR 152 152 152
            OPACITY 40
        END
    END
    CLASS
        EXPRESSION "trunk01"
        STYLE
            WIDTH 0.5
            COLOR 173 173 173
            OPACITY 40
        END
    END
END
LAYER
    GROUP "default"
    STATUS ON
    TYPE LINE
    MINSCALEDENOM 5200128
    MAXSCALEDENOM 10400256
    NAME "roads6"
    CONNECTIONTYPE postgis
    CONNECTION "host=localhost dbname=osm user=ubuntu password=osm port=5436"
    DATA "geometry from (select osm_id,geometry,name as name,ref,type from osm_roads_gen0 where type in ('trunk','motorway') order by z_order asc) as foo using unique osm_id using srid=3857"
    LABELITEM "name"
    CLASSITEM "type"
    CLASS
        EXPRESSION "motorway"
        TEXT ("[ref]")
        STYLE
            WIDTH 0.5
            COLOR 152 152 152
        END
    END
    CLASS
        EXPRESSION "trunk"
        TEXT ("[ref]")
        STYLE
            WIDTH 0.5
            COLOR 173 173 173
        END
    END
    CLASS
        EXPRESSION "motorway10"
        STYLE
            WIDTH 0.5
            OUTLINECOLOR 136 136 136
            OUTLINEWIDTH 0.5
            LINECAP BUTT
        END
        STYLE
            WIDTH 0.5
            COLOR 152 152 152
        END
    END
    CLASS
        EXPRESSION "trunk10"
        STYLE
            WIDTH 0.5
            OUTLINECOLOR 136 136 136
            OUTLINEWIDTH 0.5
            LINECAP BUTT
        END
        STYLE
            WIDTH 0.5
            COLOR 173 173 173
        END
    END
    CLASS
        EXPRESSION "motorway01"
        STYLE
            WIDTH 0.5
            COLOR 152 152 152
            OPACITY 40
        END
    END
    CLASS
        EXPRESSION "trunk01"
        STYLE
            WIDTH 0.5
            COLOR 173 173 173
            OPACITY 40
        END
    END
END
LAYER
    GROUP "default"
    STATUS ON
    TYPE LINE
    MINSCALEDENOM 2600064
    MAXSCALEDENOM 5200128
    NAME "roads7"
    CONNECTIONTYPE postgis
    CONNECTION "host=localhost dbname=osm user=ubuntu password=osm port=5436"
    DATA "geometry from (select osm_id,geometry,name as name,ref,type from osm_roads_gen0 where type in ('trunk','motorway') order by z_order asc) as foo using unique osm_id using srid=3857"
    LABELITEM "name"
    CLASSITEM "type"
    CLASS
        EXPRESSION "motorway"
        TEXT ("[ref]")
        STYLE
           WIDTH 0.5
           OUTLINEWIDTH 0.5
           OUTLINECOLOR 111 111 111
        END
        STYLE
            WIDTH 0.5
            COLOR 152 152 152
        END
    END
    CLASS
        EXPRESSION "trunk"
        TEXT ("[ref]")
        STYLE
           WIDTH 0.5
           OUTLINEWIDTH 0.5
           OUTLINECOLOR 132 132 132
        END
        STYLE
            WIDTH 0.5
            COLOR 173 173 173
        END
    END
    CLASS
        EXPRESSION "motorway10"
        STYLE
        END
        STYLE
            WIDTH 0.5
            OUTLINECOLOR 136 136 136
            OUTLINEWIDTH 0.5
            LINECAP BUTT
        END
        STYLE
            WIDTH 0.5
            COLOR 152 152 152
        END
    END
    CLASS
        EXPRESSION "trunk10"
        STYLE
        END
        STYLE
            WIDTH 0.5
            OUTLINECOLOR 136 136 136
            OUTLINEWIDTH 0.5
            LINECAP BUTT
        END
        STYLE
            WIDTH 0.5
            COLOR 173 173 173
        END
    END
    CLASS
        EXPRESSION "motorway01"
        STYLE
            WIDTH 0.5
            COLOR 152 152 152
            OPACITY 40
        END
    END
    CLASS
        EXPRESSION "trunk01"
        STYLE
            WIDTH 0.5
            COLOR 173 173 173
            OPACITY 40
        END
    END
END
LAYER
    GROUP "default"
    STATUS ON
    TYPE LINE
    MINSCALEDENOM 1300032
    MAXSCALEDENOM 2600064
    NAME "roads8"
    CONNECTIONTYPE postgis
    CONNECTION "host=localhost dbname=osm user=ubuntu password=osm port=5436"
    DATA "geometry from (select osm_id,geometry,name as name,ref,type from osm_roads_gen1 where type in ('trunk','motorway','primary') order by z_order asc) as foo using unique osm_id using srid=3857"
    LABELITEM "name"
    CLASSITEM "type"
    CLASS
        EXPRESSION {primary,primary_link}
        STYLE
            WIDTH 0.5
            COLOR 177 177 177
        END
    END
    CLASS
        EXPRESSION "motorway"
        TEXT ("[ref]")
        STYLE
           WIDTH 1
           OUTLINEWIDTH 0.5
           OUTLINECOLOR 111 111 111
        END
        STYLE
            WIDTH 1
            COLOR 152 152 152
        END
    END
    CLASS
        EXPRESSION "trunk"
        TEXT ("[ref]")
        STYLE
           WIDTH 1
           OUTLINEWIDTH 0.5
           OUTLINECOLOR 132 132 132
        END
        STYLE
            WIDTH 1
            COLOR 173 173 173
        END
    END
    CLASS
        EXPRESSION {primary10,primary_link10}
        STYLE
            WIDTH 0.5
            OUTLINECOLOR 136 136 136
            OUTLINEWIDTH 0.5
            LINECAP BUTT
        END
        STYLE
            WIDTH 0.5
            COLOR 177 177 177
        END
    END
    CLASS
        EXPRESSION "motorway10"
        STYLE
        END
        STYLE
            WIDTH 1
            OUTLINECOLOR 136 136 136
            OUTLINEWIDTH 0.5
            LINECAP BUTT
        END
        STYLE
            WIDTH 1
            COLOR 152 152 152
        END
    END
    CLASS
        EXPRESSION "trunk10"
        STYLE
        END
        STYLE
            WIDTH 1
            OUTLINECOLOR 136 136 136
            OUTLINEWIDTH 0.5
            LINECAP BUTT
        END
        STYLE
            WIDTH 1
            COLOR 173 173 173
        END
    END
    CLASS
        EXPRESSION {primary01,primary_link01}
        STYLE
            WIDTH 0.5
            COLOR 177 177 177
            OPACITY 40
        END
    END
    CLASS
        EXPRESSION "motorway01"
        STYLE
            WIDTH 1
            COLOR 152 152 152
            OPACITY 40
        END
    END
    CLASS
        EXPRESSION "trunk01"
        STYLE
            WIDTH 1
            COLOR 173 173 173
            OPACITY 40
        END
    END
END
LAYER
    GROUP "default"
    STATUS ON
    TYPE LINE
    MINSCALEDENOM 650016
    MAXSCALEDENOM 1300032
    NAME "roads9"
    CONNECTIONTYPE postgis
    CONNECTION "host=localhost dbname=osm user=ubuntu password=osm port=5436"
    DATA "geometry from (select osm_id,geometry,name as name,ref,type from osm_roads_gen1 where type in ('secondary','trunk','motorway','primary') order by z_order asc) as foo using unique osm_id using srid=3857"
    LABELITEM "name"
    CLASSITEM "type"
    CLASS
        EXPRESSION {secondary,secondary_link}
        STYLE
            WIDTH 0.5
            COLOR 177 177 177
        END
    END
    CLASS
        EXPRESSION {primary,primary_link}
        STYLE
           WIDTH 0.75
           OUTLINEWIDTH 0.5
           OUTLINECOLOR 177 177 177
        END
        STYLE
            WIDTH 0.75
            COLOR 215 215 215
        END
    END
    CLASS
        EXPRESSION "motorway"
        TEXT ("[ref]")
        STYLE
           WIDTH 2
           OUTLINEWIDTH 0.5
           OUTLINECOLOR 111 111 111
        END
        STYLE
            WIDTH 2
            COLOR 152 152 152
        END
    END
    CLASS
        EXPRESSION "motorway_link"
        STYLE
           WIDTH 0.75
           OUTLINEWIDTH 0.5
           OUTLINECOLOR 111 111 111
        END
        STYLE
            WIDTH 0.75
            COLOR 152 152 152
        END
    END
    CLASS
        EXPRESSION "trunk"
        TEXT ("[ref]")
        STYLE
           WIDTH 2
           OUTLINEWIDTH 0.5
           OUTLINECOLOR 132 132 132
        END
        STYLE
            WIDTH 2
            COLOR 173 173 173
        END
    END
    CLASS
        EXPRESSION "trunk_link"
        STYLE
           WIDTH 0.75
           OUTLINEWIDTH 0.5
           OUTLINECOLOR 132 132 132
        END
        STYLE
            WIDTH 0.75
            COLOR 173 173 173
        END
    END
    CLASS
        EXPRESSION {secondary10,secondary_link10}
        STYLE
            WIDTH 0.5
            OUTLINECOLOR 136 136 136
            OUTLINEWIDTH 0.5
            LINECAP BUTT
        END
        STYLE
            WIDTH 0.5
            COLOR 177 177 177
        END
    END
    CLASS
        EXPRESSION {primary10,primary_link10}
        STYLE
        END
        STYLE
            WIDTH 0.75
            OUTLINECOLOR 136 136 136
            OUTLINEWIDTH 0.5
            LINECAP BUTT
        END
        STYLE
            WIDTH 0.75
            COLOR 215 215 215
        END
    END
    CLASS
        EXPRESSION "motorway10"
        STYLE
        END
        STYLE
            WIDTH 2
            OUTLINECOLOR 136 136 136
            OUTLINEWIDTH 0.5
            LINECAP BUTT
        END
        STYLE
            WIDTH 2
            COLOR 152 152 152
        END
    END
    CLASS
        EXPRESSION "motorway_link10"
        STYLE
        END
        STYLE
            WIDTH 0.75
            OUTLINECOLOR 136 136 136
            OUTLINEWIDTH 0.5
            LINECAP BUTT
        END
        STYLE
            WIDTH 0.75
            COLOR 152 152 152
        END
    END
    CLASS
        EXPRESSION "trunk10"
        STYLE
        END
        STYLE
            WIDTH 2
            OUTLINECOLOR 136 136 136
            OUTLINEWIDTH 0.5
            LINECAP BUTT
        END
        STYLE
            WIDTH 2
            COLOR 173 173 173
        END
    END
    CLASS
        EXPRESSION "trunk_link10"
        STYLE
        END
        STYLE
            WIDTH 0.75
            OUTLINECOLOR 136 136 136
            OUTLINEWIDTH 0.5
            LINECAP BUTT
        END
        STYLE
            WIDTH 0.75
            COLOR 173 173 173
        END
    END
    CLASS
        EXPRESSION {secondary01,secondary_link01}
        STYLE
            WIDTH 0.5
            COLOR 177 177 177
            OPACITY 40
        END
    END
    CLASS
        EXPRESSION {primary01,primary_link01}
        STYLE
            WIDTH 0.75
            COLOR 215 215 215
            OPACITY 40
        END
    END
    CLASS
        EXPRESSION "motorway01"
        STYLE
            WIDTH 2
            COLOR 152 152 152
            OPACITY 40
        END
    END
    CLASS
        EXPRESSION "motorway_link01"
        STYLE
            WIDTH 0.75
            COLOR 152 152 152
            OPACITY 40
        END
    END
    CLASS
        EXPRESSION "trunk01"
        STYLE
            WIDTH 2
            COLOR 173 173 173
            OPACITY 40
        END
    END
    CLASS
        EXPRESSION "trunk_link01"
        STYLE
            WIDTH 0.75
            COLOR 173 173 173
            OPACITY 40
        END
    END
END
LAYER
    GROUP "default"
    STATUS ON
    TYPE LINE
    MINSCALEDENOM 325008
    MAXSCALEDENOM 650016
    NAME "roads10"
    CONNECTIONTYPE postgis
    CONNECTION "host=localhost dbname=osm user=ubuntu password=osm port=5436"
    DATA "geometry from (select osm_id,geometry,name as name,ref,type from osm_roads_gen1 ) as foo using unique osm_id using srid=3857"
    LABELITEM "name"
    CLASSITEM "type"
    CLASS
        EXPRESSION {tertiary,tertiary_link}
        STYLE
            WIDTH 0.5
            COLOR 177 177 177
        END
    END
    CLASS
        EXPRESSION {secondary,secondary_link}
        STYLE
           WIDTH 0.75
           OUTLINEWIDTH 0.5
           OUTLINECOLOR 177 177 177
        END
        STYLE
            WIDTH 0.75
            COLOR 215 215 215
        END
    END
    CLASS
        EXPRESSION {primary,primary_link}
        STYLE
           WIDTH 1
           OUTLINEWIDTH 0.5
           OUTLINECOLOR 177 177 177
        END
        STYLE
            WIDTH 1
            COLOR 215 215 215
        END
    END
    CLASS
        EXPRESSION "motorway"
        TEXT ("[ref]")
        STYLE
           WIDTH 2
           OUTLINEWIDTH 1
           OUTLINECOLOR 111 111 111
        END
        STYLE
            WIDTH 2
            COLOR 152 152 152
        END
    END
    CLASS
        EXPRESSION "motorway_link"
        STYLE
           WIDTH 1
           OUTLINEWIDTH 1
           OUTLINECOLOR 111 111 111
        END
        STYLE
            WIDTH 1
            COLOR 152 152 152
        END
    END
    CLASS
        EXPRESSION "trunk"
        TEXT ("[ref]")
        STYLE
           WIDTH 2
           OUTLINEWIDTH 1
           OUTLINECOLOR 132 132 132
        END
        STYLE
            WIDTH 2
            COLOR 173 173 173
        END
    END
    CLASS
        EXPRESSION "trunk_link"
        STYLE
           WIDTH 1
           OUTLINEWIDTH 1
           OUTLINECOLOR 132 132 132
        END
        STYLE
            WIDTH 1
            COLOR 173 173 173
        END
    END
    CLASS
        EXPRESSION {tertiary10,tertiary_link10}
        STYLE
            WIDTH 0.5
            OUTLINECOLOR 136 136 136
            OUTLINEWIDTH 0.5
            LINECAP BUTT
        END
        STYLE
            WIDTH 0.5
            COLOR 177 177 177
        END
    END
    CLASS
        EXPRESSION {secondary10,secondary_link10}
        STYLE
        END
        STYLE
            WIDTH 0.75
            OUTLINECOLOR 136 136 136
            OUTLINEWIDTH 0.5
            LINECAP BUTT
        END
        STYLE
            WIDTH 0.75
            COLOR 215 215 215
        END
    END
    CLASS
        EXPRESSION {primary10,primary_link10}
        STYLE
        END
        STYLE
            WIDTH 1
            OUTLINECOLOR 136 136 136
            OUTLINEWIDTH 0.5
            LINECAP BUTT
        END
        STYLE
            WIDTH 1
            COLOR 215 215 215
        END
    END
    CLASS
        EXPRESSION "motorway10"
        STYLE
        END
        STYLE
            WIDTH 2
            OUTLINECOLOR 136 136 136
            OUTLINEWIDTH 0.5
            LINECAP BUTT
        END
        STYLE
            WIDTH 2
            COLOR 152 152 152
        END
    END
    CLASS
        EXPRESSION "motorway_link10"
        STYLE
        END
        STYLE
            WIDTH 1
            OUTLINECOLOR 136 136 136
            OUTLINEWIDTH 0.5
            LINECAP BUTT
        END
        STYLE
            WIDTH 1
            COLOR 152 152 152
        END
    END
    CLASS
        EXPRESSION "trunk10"
        STYLE
        END
        STYLE
            WIDTH 2
            OUTLINECOLOR 136 136 136
            OUTLINEWIDTH 0.5
            LINECAP BUTT
        END
        STYLE
            WIDTH 2
            COLOR 173 173 173
        END
    END
    CLASS
        EXPRESSION "trunk_link10"
        STYLE
        END
        STYLE
            WIDTH 1
            OUTLINECOLOR 136 136 136
            OUTLINEWIDTH 0.5
            LINECAP BUTT
        END
        STYLE
            WIDTH 1
            COLOR 173 173 173
        END
    END
    CLASS
        EXPRESSION {tertiary01,tertiary_link01}
        STYLE
            WIDTH 0.5
            COLOR 177 177 177
            OPACITY 40
        END
    END
    CLASS
        EXPRESSION {secondary01,secondary_link01}
        STYLE
            WIDTH 0.75
            COLOR 215 215 215
            OPACITY 40
        END
    END
    CLASS
        EXPRESSION {primary01,primary_link01}
        STYLE
            WIDTH 1
            COLOR 215 215 215
            OPACITY 40
        END
    END
    CLASS
        EXPRESSION "motorway01"
        STYLE
            WIDTH 2
            COLOR 152 152 152
            OPACITY 40
        END
    END
    CLASS
        EXPRESSION "motorway_link01"
        STYLE
            WIDTH 1
            COLOR 152 152 152
            OPACITY 40
        END
    END
    CLASS
        EXPRESSION "trunk01"
        STYLE
            WIDTH 2
            COLOR 173 173 173
            OPACITY 40
        END
    END
    CLASS
        EXPRESSION "trunk_link01"
        STYLE
            WIDTH 1
            COLOR 173 173 173
            OPACITY 40
        END
    END
END
LAYER
    GROUP "default"
    STATUS ON
    TYPE LINE
    MINSCALEDENOM 162504
    MAXSCALEDENOM 325008
    NAME "roads11"
    CONNECTIONTYPE postgis
    CONNECTION "host=localhost dbname=osm user=ubuntu password=osm port=5436"
    DATA "geometry from (select osm_id,geometry,name as name,ref,type from osm_roads order by z_order asc) as foo using unique osm_id using srid=3857"
    LABELITEM "name"
    CLASSITEM "type"
    CLASS
        EXPRESSION {unclassified,residential,service,road,living_street}
        STYLE
            WIDTH 0.5
            COLOR 177 177 177
        END
    END
    CLASS
        EXPRESSION {tertiary,tertiary_link}
        STYLE
            WIDTH 0.75
            COLOR 177 177 177
        END
    END
    CLASS
        EXPRESSION {secondary,secondary_link}
        STYLE
           WIDTH 1
           OUTLINEWIDTH 0.5
           OUTLINECOLOR 177 177 177
        END
        STYLE
            WIDTH 1
            COLOR 215 215 215
        END
    END
    CLASS
        EXPRESSION {primary,primary_link}
        STYLE
           WIDTH 1.5
           OUTLINEWIDTH 1
           OUTLINECOLOR 177 177 177
        END
        STYLE
            WIDTH 1.5
            COLOR 215 215 215
        END
    END
    CLASS
        EXPRESSION "motorway"
        TEXT ("[ref]")
        STYLE
           WIDTH 3
           OUTLINEWIDTH 1
           OUTLINECOLOR 111 111 111
        END
        STYLE
            WIDTH 3
            COLOR 152 152 152
        END
    END
    CLASS
        EXPRESSION "motorway_link"
        STYLE
           WIDTH 1.5
           OUTLINEWIDTH 1
           OUTLINECOLOR 111 111 111
        END
        STYLE
            WIDTH 1.5
            COLOR 152 152 152
        END
    END
    CLASS
        EXPRESSION "trunk"
        TEXT ("[ref]")
        STYLE
           WIDTH 3
           OUTLINEWIDTH 1
           OUTLINECOLOR 132 132 132
        END
        STYLE
            WIDTH 3
            COLOR 173 173 173
        END
    END
    CLASS
        EXPRESSION "trunk_link"
        STYLE
           WIDTH 1.5
           OUTLINEWIDTH 1
           OUTLINECOLOR 132 132 132
        END
        STYLE
            WIDTH 1.5
            COLOR 173 173 173
        END
    END
    CLASS
        EXPRESSION {tertiary10,tertiary_link10}
        STYLE
            WIDTH 0.75
            OUTLINECOLOR 136 136 136
            OUTLINEWIDTH 0.5
            LINECAP BUTT
        END
        STYLE
            WIDTH 0.75
            COLOR 177 177 177
        END
    END
    CLASS
        EXPRESSION {secondary10,secondary_link10}
        STYLE
        END
        STYLE
            WIDTH 1
            OUTLINECOLOR 136 136 136
            OUTLINEWIDTH 0.5
            LINECAP BUTT
        END
        STYLE
            WIDTH 1
            COLOR 215 215 215
        END
    END
    CLASS
        EXPRESSION {primary10,primary_link10}
        STYLE
        END
        STYLE
            WIDTH 1.5
            OUTLINECOLOR 136 136 136
            OUTLINEWIDTH 0.5
            LINECAP BUTT
        END
        STYLE
            WIDTH 1.5
            COLOR 215 215 215
        END
    END
    CLASS
        EXPRESSION "motorway10"
        STYLE
        END
        STYLE
            WIDTH 3
            OUTLINECOLOR 136 136 136
            OUTLINEWIDTH 0.5
            LINECAP BUTT
        END
        STYLE
            WIDTH 3
            COLOR 152 152 152
        END
    END
    CLASS
        EXPRESSION "motorway_link10"
        STYLE
        END
        STYLE
            WIDTH 1.5
            OUTLINECOLOR 136 136 136
            OUTLINEWIDTH 0.5
            LINECAP BUTT
        END
        STYLE
            WIDTH 1.5
            COLOR 152 152 152
        END
    END
    CLASS
        EXPRESSION "trunk10"
        STYLE
        END
        STYLE
            WIDTH 3
            OUTLINECOLOR 136 136 136
            OUTLINEWIDTH 0.5
            LINECAP BUTT
        END
        STYLE
            WIDTH 3
            COLOR 173 173 173
        END
    END
    CLASS
        EXPRESSION "trunk_link10"
        STYLE
        END
        STYLE
            WIDTH 1.5
            OUTLINECOLOR 136 136 136
            OUTLINEWIDTH 0.5
            LINECAP BUTT
        END
        STYLE
            WIDTH 1.5
            COLOR 173 173 173
        END
    END
    CLASS
        EXPRESSION {unclassified01,residential01,service01,living_street01}
        STYLE
            WIDTH 0.5
            COLOR 177 177 177
            OPACITY 40
        END
    END
    CLASS
        EXPRESSION {tertiary01,tertiary_link01}
        STYLE
            WIDTH 0.75
            COLOR 177 177 177
            OPACITY 40
        END
    END
    CLASS
        EXPRESSION {secondary01,secondary_link01}
        STYLE
            WIDTH 1
            COLOR 215 215 215
            OPACITY 40
        END
    END
    CLASS
        EXPRESSION {primary01,primary_link01}
        STYLE
            WIDTH 1.5
            COLOR 215 215 215
            OPACITY 40
        END
    END
    CLASS
        EXPRESSION "motorway01"
        STYLE
            WIDTH 3
            COLOR 152 152 152
            OPACITY 40
        END
    END
    CLASS
        EXPRESSION "motorway_link01"
        STYLE
            WIDTH 1.5
            COLOR 152 152 152
            OPACITY 40
        END
    END
    CLASS
        EXPRESSION "trunk01"
        STYLE
            WIDTH 3
            COLOR 173 173 173
            OPACITY 40
        END
    END
    CLASS
        EXPRESSION "trunk_link01"
        STYLE
            WIDTH 1.5
            COLOR 173 173 173
            OPACITY 40
        END
    END
END
LAYER
    GROUP "default"
    STATUS ON
    TYPE LINE
    MINSCALEDENOM 81252
    MAXSCALEDENOM 162504
    NAME "roads12"
    CONNECTIONTYPE postgis
    CONNECTION "host=localhost dbname=osm user=ubuntu password=osm port=5436"
    DATA "geometry from (select osm_id,geometry,name as name,ref,type from osm_roads order by z_order asc) as foo using unique osm_id using srid=3857"
    LABELITEM "name"
    CLASSITEM "type"
    CLASS
        EXPRESSION {unclassified,residential,service,road,living_street}
        STYLE
            WIDTH 0.5
            COLOR 177 177 177
        END
    END
    CLASS
        EXPRESSION "track"
        STYLE
            PATTERN 2 2 END
            WIDTH 0.75
            COLOR "#aaaaaa"
        END
    END
    CLASS
        EXPRESSION {tertiary,tertiary_link}
        STYLE
           WIDTH 1
           OUTLINEWIDTH 0.5
           OUTLINECOLOR 177 177 177
        END
        STYLE
            WIDTH 1
            COLOR 215 215 215
        END
    END
    CLASS
        EXPRESSION {secondary,secondary_link}
        STYLE
           WIDTH 1.5
           OUTLINEWIDTH 0.5
           OUTLINECOLOR 177 177 177
        END
        STYLE
            WIDTH 1.5
            COLOR 215 215 215
        END
    END
    CLASS
        EXPRESSION {primary,primary_link}
        STYLE
           WIDTH 2
           OUTLINEWIDTH 1
           OUTLINECOLOR 177 177 177
        END
        STYLE
            WIDTH 2
            COLOR 215 215 215
        END
    END
    CLASS
        EXPRESSION 'pedestrian'
        STYLE
            WIDTH 0.75
            COLOR 248 248 248
        END
    END
    CLASS
        EXPRESSION "motorway"
        TEXT ("[ref]")
        STYLE
           WIDTH 4
           OUTLINEWIDTH 1
           OUTLINECOLOR 111 111 111
        END
        STYLE
            WIDTH 4
            COLOR 152 152 152
        END
    END
    CLASS
        EXPRESSION "motorway_link"
        STYLE
           WIDTH 2
           OUTLINEWIDTH 1
           OUTLINECOLOR 111 111 111
        END
        STYLE
            WIDTH 2
            COLOR 152 152 152
        END
    END
    CLASS
        EXPRESSION "trunk"
        TEXT ("[ref]")
        STYLE
           WIDTH 4
           OUTLINEWIDTH 1
           OUTLINECOLOR 132 132 132
        END
        STYLE
            WIDTH 4
            COLOR 173 173 173
        END
    END
    CLASS
        EXPRESSION "trunk_link"
        STYLE
           WIDTH 2
           OUTLINEWIDTH 1
           OUTLINECOLOR 132 132 132
        END
        STYLE
            WIDTH 2
            COLOR 173 173 173
        END
    END
    CLASS
        EXPRESSION {tertiary10,tertiary_link10}
        STYLE
        END
        STYLE
            WIDTH 1
            OUTLINECOLOR 136 136 136
            OUTLINEWIDTH 0.5
            LINECAP BUTT
        END
        STYLE
            WIDTH 1
            COLOR 215 215 215
        END
    END
    CLASS
        EXPRESSION {secondary10,secondary_link10}
        STYLE
        END
        STYLE
            WIDTH 1.5
            OUTLINECOLOR 136 136 136
            OUTLINEWIDTH 0.5
            LINECAP BUTT
        END
        STYLE
            WIDTH 1.5
            COLOR 215 215 215
        END
    END
    CLASS
        EXPRESSION {primary10,primary_link10}
        STYLE
        END
        STYLE
            WIDTH 2
            OUTLINECOLOR 136 136 136
            OUTLINEWIDTH 0.5
            LINECAP BUTT
        END
        STYLE
            WIDTH 2
            COLOR 215 215 215
        END
    END
    CLASS
        EXPRESSION {pedestrian10,footway10,path10}
        STYLE
            WIDTH 0.75
            OUTLINECOLOR 136 136 136
            OUTLINEWIDTH 0.5
            LINECAP BUTT
        END
        STYLE
            WIDTH 0.75
            COLOR 248 248 248
        END
    END
    CLASS
        EXPRESSION "motorway10"
        STYLE
        END
        STYLE
            WIDTH 4
            OUTLINECOLOR 136 136 136
            OUTLINEWIDTH 0.5
            LINECAP BUTT
        END
        STYLE
            WIDTH 4
            COLOR 152 152 152
        END
    END
    CLASS
        EXPRESSION "motorway_link10"
        STYLE
        END
        STYLE
            WIDTH 2
            OUTLINECOLOR 136 136 136
            OUTLINEWIDTH 0.5
            LINECAP BUTT
        END
        STYLE
            WIDTH 2
            COLOR 152 152 152
        END
    END
    CLASS
        EXPRESSION "trunk10"
        STYLE
        END
        STYLE
            WIDTH 4
            OUTLINECOLOR 136 136 136
            OUTLINEWIDTH 0.5
            LINECAP BUTT
        END
        STYLE
            WIDTH 4
            COLOR 173 173 173
        END
    END
    CLASS
        EXPRESSION "trunk_link10"
        STYLE
        END
        STYLE
            WIDTH 2
            OUTLINECOLOR 136 136 136
            OUTLINEWIDTH 0.5
            LINECAP BUTT
        END
        STYLE
            WIDTH 2
            COLOR 173 173 173
        END
    END
    CLASS
        EXPRESSION {unclassified01,residential01,service01,living_street01}
        STYLE
            WIDTH 0.5
            COLOR 177 177 177
            OPACITY 40
        END
    END
    CLASS
        EXPRESSION {pedestrian01,footway01,path01}
        STYLE
            WIDTH 0.75
            COLOR 248 248 248
            OPACITY 40
        END
    END
    CLASS
        EXPRESSION {tertiary01,tertiary_link01}
        STYLE
            WIDTH 1
            COLOR 215 215 215
            OPACITY 40
        END
    END
    CLASS
        EXPRESSION {secondary01,secondary_link01}
        STYLE
            WIDTH 1.5
            COLOR 215 215 215
            OPACITY 40
        END
    END
    CLASS
        EXPRESSION {primary01,primary_link01}
        STYLE
            WIDTH 2
            COLOR 215 215 215
            OPACITY 40
        END
    END
    CLASS
        EXPRESSION "motorway01"
        STYLE
            WIDTH 4
            COLOR 152 152 152
            OPACITY 40
        END
    END
    CLASS
        EXPRESSION "motorway_link01"
        STYLE
            WIDTH 2
            COLOR 152 152 152
            OPACITY 40
        END
    END
    CLASS
        EXPRESSION "trunk01"
        STYLE
            WIDTH 4
            COLOR 173 173 173
            OPACITY 40
        END
    END
    CLASS
        EXPRESSION "trunk_link01"
        STYLE
            WIDTH 2
            COLOR 173 173 173
            OPACITY 40
        END
    END
END
LAYER
    GROUP "default"
    STATUS ON
    TYPE LINE
    MINSCALEDENOM 40626
    MAXSCALEDENOM 81252
    NAME "roads13"
    CONNECTIONTYPE postgis
    CONNECTION "host=localhost dbname=osm user=ubuntu password=osm port=5436"
    DATA "geometry from (select osm_id,geometry,name as name,ref,type from osm_roads order by z_order asc) as foo using unique osm_id using srid=3857"
    LABELITEM "name"
    CLASSITEM "type"
    CLASS
        EXPRESSION {unclassified,residential,service,road,living_street}
        STYLE
            WIDTH 0.5
            COLOR 177 177 177
        END
    END
    CLASS
        EXPRESSION "track"
        STYLE
            PATTERN 2 2 END
            WIDTH 0.75
            COLOR "#aaaaaa"
        END
    END
    CLASS
        EXPRESSION {tertiary,tertiary_link}
        STYLE
           WIDTH 1.5
           OUTLINEWIDTH 0.5
           OUTLINECOLOR 177 177 177
        END
        STYLE
            WIDTH 1.5
            COLOR 215 215 215
        END
    END
    CLASS
        EXPRESSION {secondary,secondary_link}
        STYLE
           WIDTH 2
           OUTLINEWIDTH 1
           OUTLINECOLOR 177 177 177
        END
        STYLE
            WIDTH 2
            COLOR 215 215 215
        END
    END
    CLASS
        EXPRESSION {primary,primary_link}
        STYLE
           WIDTH 2.5
           OUTLINEWIDTH 1
           OUTLINECOLOR 177 177 177
        END
        STYLE
            WIDTH 2.5
            COLOR 215 215 215
        END
    END
    CLASS
        EXPRESSION 'pedestrian'
        STYLE
           WIDTH 1
           OUTLINEWIDTH 0.5
           OUTLINECOLOR 177 177 177
        END
        STYLE
            WIDTH 1
            COLOR 248 248 248
        END
    END
    CLASS
        EXPRESSION "motorway"
        TEXT ("[ref]")
        STYLE
           WIDTH 4
           OUTLINEWIDTH 1
           OUTLINECOLOR 111 111 111
        END
        STYLE
            WIDTH 4
            COLOR 152 152 152
        END
    END
    CLASS
        EXPRESSION "motorway_link"
        STYLE
           WIDTH 2.5
           OUTLINEWIDTH 1
           OUTLINECOLOR 111 111 111
        END
        STYLE
            WIDTH 2.5
            COLOR 152 152 152
        END
    END
    CLASS
        EXPRESSION "trunk"
        TEXT ("[ref]")
        STYLE
           WIDTH 4
           OUTLINEWIDTH 1
           OUTLINECOLOR 132 132 132
        END
        STYLE
            WIDTH 4
            COLOR 173 173 173
        END
    END
    CLASS
        EXPRESSION "trunk_link"
        STYLE
           WIDTH 2.5
           OUTLINEWIDTH 1
           OUTLINECOLOR 132 132 132
        END
        STYLE
            WIDTH 2.5
            COLOR 173 173 173
        END
    END
    CLASS
        EXPRESSION {tertiary10,tertiary_link10}
        STYLE
        END
        STYLE
            WIDTH 1.5
            OUTLINECOLOR 136 136 136
            OUTLINEWIDTH 0.5
            LINECAP BUTT
        END
        STYLE
            WIDTH 1.5
            COLOR 215 215 215
        END
    END
    CLASS
        EXPRESSION {secondary10,secondary_link10}
        STYLE
        END
        STYLE
            WIDTH 2
            OUTLINECOLOR 136 136 136
            OUTLINEWIDTH 0.5
            LINECAP BUTT
        END
        STYLE
            WIDTH 2
            COLOR 215 215 215
        END
    END
    CLASS
        EXPRESSION {primary10,primary_link10}
        STYLE
        END
        STYLE
            WIDTH 2.5
            OUTLINECOLOR 136 136 136
            OUTLINEWIDTH 0.5
            LINECAP BUTT
        END
        STYLE
            WIDTH 2.5
            COLOR 215 215 215
        END
    END
    CLASS
        EXPRESSION {pedestrian10,footway10,path10}
        STYLE
        END
        STYLE
            WIDTH 1
            OUTLINECOLOR 136 136 136
            OUTLINEWIDTH 0.5
            LINECAP BUTT
        END
        STYLE
            WIDTH 1
            COLOR 248 248 248
        END
    END
    CLASS
        EXPRESSION "motorway10"
        STYLE
        END
        STYLE
            WIDTH 4
            OUTLINECOLOR 136 136 136
            OUTLINEWIDTH 0.5
            LINECAP BUTT
        END
        STYLE
            WIDTH 4
            COLOR 152 152 152
        END
    END
    CLASS
        EXPRESSION "motorway_link10"
        STYLE
        END
        STYLE
            WIDTH 2.5
            OUTLINECOLOR 136 136 136
            OUTLINEWIDTH 0.5
            LINECAP BUTT
        END
        STYLE
            WIDTH 2.5
            COLOR 152 152 152
        END
    END
    CLASS
        EXPRESSION "trunk10"
        STYLE
        END
        STYLE
            WIDTH 4
            OUTLINECOLOR 136 136 136
            OUTLINEWIDTH 0.5
            LINECAP BUTT
        END
        STYLE
            WIDTH 4
            COLOR 173 173 173
        END
    END
    CLASS
        EXPRESSION "trunk_link10"
        STYLE
        END
        STYLE
            WIDTH 2.5
            OUTLINECOLOR 136 136 136
            OUTLINEWIDTH 0.5
            LINECAP BUTT
        END
        STYLE
            WIDTH 2.5
            COLOR 173 173 173
        END
    END
    CLASS
        EXPRESSION {unclassified01,residential01,service01,living_street01}
        STYLE
            WIDTH 0.5
            COLOR 177 177 177
            OPACITY 40
        END
    END
    CLASS
        EXPRESSION {pedestrian01,footway01,path01}
        STYLE
            WIDTH 1
            COLOR 248 248 248
            OPACITY 40
        END
    END
    CLASS
        EXPRESSION {tertiary01,tertiary_link01}
        STYLE
            WIDTH 1.5
            COLOR 215 215 215
            OPACITY 40
        END
    END
    CLASS
        EXPRESSION {secondary01,secondary_link01}
        STYLE
            WIDTH 2
            COLOR 215 215 215
            OPACITY 40
        END
    END
    CLASS
        EXPRESSION {primary01,primary_link01}
        STYLE
            WIDTH 2.5
            COLOR 215 215 215
            OPACITY 40
        END
    END
    CLASS
        EXPRESSION "motorway01"
        STYLE
            WIDTH 4
            COLOR 152 152 152
            OPACITY 40
        END
    END
    CLASS
        EXPRESSION "motorway_link01"
        STYLE
            WIDTH 2.5
            COLOR 152 152 152
            OPACITY 40
        END
    END
    CLASS
        EXPRESSION "trunk01"
        STYLE
            WIDTH 4
            COLOR 173 173 173
            OPACITY 40
        END
    END
    CLASS
        EXPRESSION "trunk_link01"
        STYLE
            WIDTH 2.5
            COLOR 173 173 173
            OPACITY 40
        END
    END
END
LAYER
    GROUP "default"
    STATUS ON
    TYPE LINE
    MINSCALEDENOM 20313
    MAXSCALEDENOM 40626
    NAME "roads14"
    CONNECTIONTYPE postgis
    CONNECTION "host=localhost dbname=osm user=ubuntu password=osm port=5436"
    DATA "geometry from (select osm_id,geometry,name as name,ref,type||bridge||tunnel as type from osm_roads order by z_order asc, st_length(geometry) asc) as foo using unique osm_id using srid=3857"
    LABELITEM "name"
    CLASSITEM "type"
    CLASS
        EXPRESSION {unclassified00,residential00,service00,road00,living_street00}
        STYLE
           WIDTH 2.5
           OUTLINEWIDTH 0.5
           OUTLINECOLOR 177 177 177
        END
        STYLE
            WIDTH 2.5
            COLOR 255 255 255
        END
    END
    CLASS
        EXPRESSION "track00"
        STYLE
            PATTERN 2 2 END
            WIDTH 0.75
            COLOR "#aaaaaa"
        END
    END
    CLASS
        EXPRESSION {tertiary00,tertiary_link00}
        STYLE
           WIDTH 2
           OUTLINEWIDTH 0.5
           OUTLINECOLOR 177 177 177
        END
        STYLE
            WIDTH 2
            COLOR 215 215 215
        END
    END
    CLASS
        EXPRESSION {secondary00,secondary_link00}
        STYLE
           WIDTH 2.5
           OUTLINEWIDTH 1
           OUTLINECOLOR 177 177 177
        END
        STYLE
            WIDTH 2.5
            COLOR 215 215 215
        END
    END
    CLASS
        EXPRESSION {primary00,primary_link00}
        STYLE
           WIDTH 3
           OUTLINEWIDTH 1
           OUTLINECOLOR 177 177 177
        END
        STYLE
            WIDTH 3
            COLOR 215 215 215
        END
    END
    CLASS
        EXPRESSION 'pedestrian00'
        STYLE
           WIDTH 1.5
           OUTLINEWIDTH 0.5
           OUTLINECOLOR 177 177 177
        END
        STYLE
            WIDTH 1.5
            COLOR 248 248 248
        END
    END
    CLASS
        EXPRESSION "motorway00"
        TEXT ("[ref]")
        STYLE
           WIDTH 5
           OUTLINEWIDTH 1
           OUTLINECOLOR 111 111 111
        END
        STYLE
            WIDTH 5
            COLOR 152 152 152
        END
    END
    CLASS
        EXPRESSION "motorway_link00"
        STYLE
           WIDTH 3
           OUTLINEWIDTH 1
           OUTLINECOLOR 111 111 111
        END
        STYLE
            WIDTH 3
            COLOR 152 152 152
        END
    END
    CLASS
        EXPRESSION "trunk00"
        TEXT ("[ref]")
        STYLE
           WIDTH 5
           OUTLINEWIDTH 1
           OUTLINECOLOR 132 132 132
        END
        STYLE
            WIDTH 5
            COLOR 173 173 173
        END
    END
    CLASS
        EXPRESSION "trunk_link00"
        STYLE
           WIDTH 3
           OUTLINEWIDTH 1
           OUTLINECOLOR 132 132 132
        END
        STYLE
            WIDTH 3
            COLOR 173 173 173
        END
    END
    CLASS
        EXPRESSION {unclassified10,residential10,service10,road10,living_street10}
        STYLE
        END
        STYLE
            WIDTH 2.5
            OUTLINECOLOR 136 136 136
            OUTLINEWIDTH 1
            LINECAP BUTT
        END
        STYLE
            WIDTH 2.5
            COLOR 255 255 255
        END
    END
    CLASS
        EXPRESSION {tertiary10,tertiary_link10}
        STYLE
        END
        STYLE
            WIDTH 2
            OUTLINECOLOR 136 136 136
            OUTLINEWIDTH 1
            LINECAP BUTT
        END
        STYLE
            WIDTH 2
            COLOR 215 215 215
        END
    END
    CLASS
        EXPRESSION {secondary10,secondary_link10}
        STYLE
        END
        STYLE
            WIDTH 2.5
            OUTLINECOLOR 136 136 136
            OUTLINEWIDTH 1
            LINECAP BUTT
        END
        STYLE
            WIDTH 2.5
            COLOR 215 215 215
        END
    END
    CLASS
        EXPRESSION {primary10,primary_link10}
        STYLE
        END
        STYLE
            WIDTH 3
            OUTLINECOLOR 136 136 136
            OUTLINEWIDTH 1
            LINECAP BUTT
        END
        STYLE
            WIDTH 3
            COLOR 215 215 215
        END
    END
    CLASS
        EXPRESSION {pedestrian10,footway10,path10}
        STYLE
        END
        STYLE
            WIDTH 1.5
            OUTLINECOLOR 136 136 136
            OUTLINEWIDTH 1
            LINECAP BUTT
        END
        STYLE
            WIDTH 1.5
            COLOR 248 248 248
        END
    END
    CLASS
        EXPRESSION "motorway10"
        STYLE
        END
        STYLE
            WIDTH 5
            OUTLINECOLOR 136 136 136
            OUTLINEWIDTH 1
            LINECAP BUTT
        END
        STYLE
            WIDTH 5
            COLOR 152 152 152
        END
    END
    CLASS
        EXPRESSION "motorway_link10"
        STYLE
        END
        STYLE
            WIDTH 3
            OUTLINECOLOR 136 136 136
            OUTLINEWIDTH 1
            LINECAP BUTT
        END
        STYLE
            WIDTH 3
            COLOR 152 152 152
        END
    END
    CLASS
        EXPRESSION "trunk10"
        STYLE
        END
        STYLE
            WIDTH 5
            OUTLINECOLOR 136 136 136
            OUTLINEWIDTH 1
            LINECAP BUTT
        END
        STYLE
            WIDTH 5
            COLOR 173 173 173
        END
    END
    CLASS
        EXPRESSION "trunk_link10"
        STYLE
        END
        STYLE
            WIDTH 3
            OUTLINECOLOR 136 136 136
            OUTLINEWIDTH 1
            LINECAP BUTT
        END
        STYLE
            WIDTH 3
            COLOR 173 173 173
        END
    END
    CLASS
        EXPRESSION {unclassified01,residential01,service01,living_street01}
        STYLE
            WIDTH 2.5
            COLOR 255 255 255
            OPACITY 40
        END
    END
    CLASS
        EXPRESSION {pedestrian01,footway01,path01}
        STYLE
            WIDTH 1.5
            COLOR 248 248 248
            OPACITY 40
        END
    END
    CLASS
        EXPRESSION {tertiary01,tertiary_link01}
        STYLE
            WIDTH 2
            COLOR 215 215 215
            OPACITY 40
        END
    END
    CLASS
        EXPRESSION {secondary01,secondary_link01}
        STYLE
            WIDTH 2.5
            COLOR 215 215 215
            OPACITY 40
        END
    END
    CLASS
        EXPRESSION {primary01,primary_link01}
        STYLE
            WIDTH 3
            COLOR 215 215 215
            OPACITY 40
        END
    END
    CLASS
        EXPRESSION "motorway01"
        STYLE
            WIDTH 5
            COLOR 152 152 152
            OPACITY 40
        END
    END
    CLASS
        EXPRESSION "motorway_link01"
        STYLE
            WIDTH 3
            COLOR 152 152 152
            OPACITY 40
        END
    END
    CLASS
        EXPRESSION "trunk01"
        STYLE
            WIDTH 5
            COLOR 173 173 173
            OPACITY 40
        END
    END
    CLASS
        EXPRESSION "trunk_link01"
        STYLE
            WIDTH 3
            COLOR 173 173 173
            OPACITY 40
        END
    END
END
LAYER
    GROUP "default"
    STATUS ON
    TYPE LINE
    MINSCALEDENOM 10156
    MAXSCALEDENOM 20313
    NAME "roads15"
    CONNECTIONTYPE postgis
    CONNECTION "host=localhost dbname=osm user=ubuntu password=osm port=5436"
    DATA "geometry from (select osm_id,geometry,name as name,ref,type||bridge||tunnel as type from osm_roads order by z_order asc, st_length(geometry) asc) as foo using unique osm_id using srid=3857"
    LABELITEM "name"
    CLASSITEM "type"
    CLASS
        EXPRESSION {unclassified00,residential00,service00,road00,living_street00}
        STYLE
           WIDTH 4
           OUTLINEWIDTH 0.5
           OUTLINECOLOR 177 177 177
        END
        STYLE
            WIDTH 4
            COLOR 255 255 255
        END
    END
    CLASS
        EXPRESSION "track00"
        STYLE
            PATTERN 2 3 END
            WIDTH 1
            COLOR "#ffffff"
        END
    END
    CLASS
        EXPRESSION {tertiary00,tertiary_link00}
        STYLE
           WIDTH 2.5
           OUTLINEWIDTH 1
           OUTLINECOLOR 177 177 177
        END
        STYLE
            WIDTH 2.5
            COLOR 215 215 215
        END
    END
    CLASS
        EXPRESSION {secondary00,secondary_link00}
        STYLE
           WIDTH 3.5
           OUTLINEWIDTH 1
           OUTLINECOLOR 177 177 177
        END
        STYLE
            WIDTH 3.5
            COLOR 215 215 215
        END
    END
    CLASS
        EXPRESSION {footway00,path00}
        STYLE
            PATTERN 2 3 END
            WIDTH 1
            COLOR "#ffffff"
        END
    END
    CLASS
        EXPRESSION {primary00,primary_link00}
        STYLE
           WIDTH 4
           OUTLINEWIDTH 1
           OUTLINECOLOR 177 177 177
        END
        STYLE
            WIDTH 4
            COLOR 215 215 215
        END
    END
    CLASS
        EXPRESSION 'pedestrian00'
        STYLE
           WIDTH 2
           OUTLINEWIDTH 0.5
           OUTLINECOLOR 177 177 177
        END
        STYLE
            WIDTH 2
            COLOR 248 248 248
        END
    END
    CLASS
        EXPRESSION "motorway00"
        TEXT ("[ref]")
        STYLE
           WIDTH 6
           OUTLINEWIDTH 1
           OUTLINECOLOR 111 111 111
        END
        STYLE
            WIDTH 6
            COLOR 152 152 152
        END
    END
    CLASS
        EXPRESSION "motorway_link00"
        STYLE
           WIDTH 4
           OUTLINEWIDTH 1
           OUTLINECOLOR 111 111 111
        END
        STYLE
            WIDTH 4
            COLOR 152 152 152
        END
    END
    CLASS
        EXPRESSION "trunk00"
        TEXT ("[ref]")
        STYLE
           WIDTH 6
           OUTLINEWIDTH 1
           OUTLINECOLOR 132 132 132
        END
        STYLE
            WIDTH 6
            COLOR 173 173 173
        END
    END
    CLASS
        EXPRESSION "trunk_link00"
        STYLE
           WIDTH 4
           OUTLINEWIDTH 1
           OUTLINECOLOR 132 132 132
        END
        STYLE
            WIDTH 4
            COLOR 173 173 173
        END
    END
    CLASS
        EXPRESSION {unclassified10,residential10,service10,road10,living_street10}
        STYLE
        END
        STYLE
            WIDTH 4
            OUTLINECOLOR 136 136 136
            OUTLINEWIDTH 1
            LINECAP BUTT
        END
        STYLE
            WIDTH 4
            COLOR 255 255 255
        END
    END
    CLASS
        EXPRESSION {tertiary10,tertiary_link10}
        STYLE
        END
        STYLE
            WIDTH 2.5
            OUTLINECOLOR 136 136 136
            OUTLINEWIDTH 1
            LINECAP BUTT
        END
        STYLE
            WIDTH 2.5
            COLOR 215 215 215
        END
    END
    CLASS
        EXPRESSION {secondary10,secondary_link10}
        STYLE
        END
        STYLE
            WIDTH 3.5
            OUTLINECOLOR 136 136 136
            OUTLINEWIDTH 1
            LINECAP BUTT
        END
        STYLE
            WIDTH 3.5
            COLOR 215 215 215
        END
    END
    CLASS
        EXPRESSION {primary10,primary_link10}
        STYLE
        END
        STYLE
            WIDTH 4
            OUTLINECOLOR 136 136 136
            OUTLINEWIDTH 1
            LINECAP BUTT
        END
        STYLE
            WIDTH 4
            COLOR 215 215 215
        END
    END
    CLASS
        EXPRESSION {pedestrian10,footway10,path10}
        STYLE
        END
        STYLE
            WIDTH 2
            OUTLINECOLOR 136 136 136
            OUTLINEWIDTH 1
            LINECAP BUTT
        END
        STYLE
            WIDTH 2
            COLOR 248 248 248
        END
    END
    CLASS
        EXPRESSION "motorway10"
        STYLE
        END
        STYLE
            WIDTH 6
            OUTLINECOLOR 136 136 136
            OUTLINEWIDTH 1
            LINECAP BUTT
        END
        STYLE
            WIDTH 6
            COLOR 152 152 152
        END
    END
    CLASS
        EXPRESSION "motorway_link10"
        STYLE
        END
        STYLE
            WIDTH 4
            OUTLINECOLOR 136 136 136
            OUTLINEWIDTH 1
            LINECAP BUTT
        END
        STYLE
            WIDTH 4
            COLOR 152 152 152
        END
    END
    CLASS
        EXPRESSION "trunk10"
        STYLE
        END
        STYLE
            WIDTH 6
            OUTLINECOLOR 136 136 136
            OUTLINEWIDTH 1
            LINECAP BUTT
        END
        STYLE
            WIDTH 6
            COLOR 173 173 173
        END
    END
    CLASS
        EXPRESSION "trunk_link10"
        STYLE
        END
        STYLE
            WIDTH 4
            OUTLINECOLOR 136 136 136
            OUTLINEWIDTH 1
            LINECAP BUTT
        END
        STYLE
            WIDTH 4
            COLOR 173 173 173
        END
    END
    CLASS
        EXPRESSION {unclassified01,residential01,service01,living_street01}
        STYLE
            WIDTH 4
            COLOR 255 255 255
            OPACITY 40
        END
    END
    CLASS
        EXPRESSION {pedestrian01,footway01,path01}
        STYLE
            WIDTH 2
            COLOR 248 248 248
            OPACITY 40
        END
    END
    CLASS
        EXPRESSION {tertiary01,tertiary_link01}
        STYLE
            WIDTH 2.5
            COLOR 215 215 215
            OPACITY 40
        END
    END
    CLASS
        EXPRESSION {secondary01,secondary_link01}
        STYLE
            WIDTH 3.5
            COLOR 215 215 215
            OPACITY 40
        END
    END
    CLASS
        EXPRESSION {primary01,primary_link01}
        STYLE
            WIDTH 4
            COLOR 215 215 215
            OPACITY 40
        END
    END
    CLASS
        EXPRESSION "motorway01"
        STYLE
            WIDTH 6
            COLOR 152 152 152
            OPACITY 40
        END
    END
    CLASS
        EXPRESSION "motorway_link01"
        STYLE
            WIDTH 4
            COLOR 152 152 152
            OPACITY 40
        END
    END
    CLASS
        EXPRESSION "trunk01"
        STYLE
            WIDTH 6
            COLOR 173 173 173
            OPACITY 40
        END
    END
    CLASS
        EXPRESSION "trunk_link01"
        STYLE
            WIDTH 4
            COLOR 173 173 173
            OPACITY 40
        END
    END
END
LAYER
    GROUP "default"
    STATUS ON
    TYPE LINE
    MINSCALEDENOM 5078
    MAXSCALEDENOM 10156
    NAME "roads16"
    CONNECTIONTYPE postgis
    CONNECTION "host=localhost dbname=osm user=ubuntu password=osm port=5436"
    DATA "geometry from (select osm_id,geometry,name as name,ref,type||bridge||tunnel as type from osm_roads order by z_order asc, st_length(geometry) asc) as foo using unique osm_id using srid=3857"
    LABELITEM "name"
    CLASSITEM "type"
    CLASS
        EXPRESSION {unclassified00,residential00,service00,road00,living_street00}
        STYLE
           WIDTH 6
           OUTLINEWIDTH 0.5
           OUTLINECOLOR 177 177 177
        END
        STYLE
            WIDTH 6
            COLOR 255 255 255
        END
    END
    CLASS
        EXPRESSION "track00"
        STYLE
            PATTERN 2 3 END
            WIDTH 1
            COLOR "#ffffff"
        END
    END
    CLASS
        EXPRESSION {tertiary00,tertiary_link00}
        STYLE
           WIDTH 5
           OUTLINEWIDTH 1
           OUTLINECOLOR 177 177 177
        END
        STYLE
            WIDTH 5
            COLOR 215 215 215
        END
    END
    CLASS
        EXPRESSION {secondary00,secondary_link00}
        STYLE
           WIDTH 6
           OUTLINEWIDTH 1
           OUTLINECOLOR 177 177 177
        END
        STYLE
            WIDTH 6
            COLOR 215 215 215
        END
    END
    CLASS
        EXPRESSION {footway00,path00}
        STYLE
            PATTERN 2 3 END
            WIDTH 1
            COLOR "#ffffff"
        END
    END
    CLASS
        EXPRESSION {primary00,primary_link00}
        STYLE
           WIDTH 7
           OUTLINEWIDTH 1
           OUTLINECOLOR 177 177 177
        END
        STYLE
            WIDTH 7
            COLOR 215 215 215
        END
    END
    CLASS
        EXPRESSION 'pedestrian00'
        STYLE
           WIDTH 2.5
           OUTLINEWIDTH 0.5
           OUTLINECOLOR 177 177 177
        END
        STYLE
            WIDTH 2.5
            COLOR 248 248 248
        END
    END
    CLASS
        EXPRESSION "motorway00"
        TEXT ("[ref]")
        STYLE
           WIDTH 8
           OUTLINEWIDTH 1
           OUTLINECOLOR 111 111 111
        END
        STYLE
            WIDTH 8
            COLOR 152 152 152
        END
    END
    CLASS
        EXPRESSION "motorway_link00"
        STYLE
           WIDTH 7
           OUTLINEWIDTH 1
           OUTLINECOLOR 111 111 111
        END
        STYLE
            WIDTH 7
            COLOR 152 152 152
        END
    END
    CLASS
        EXPRESSION "trunk00"
        TEXT ("[ref]")
        STYLE
           WIDTH 8
           OUTLINEWIDTH 1
           OUTLINECOLOR 132 132 132
        END
        STYLE
            WIDTH 8
            COLOR 173 173 173
        END
    END
    CLASS
        EXPRESSION "trunk_link00"
        STYLE
           WIDTH 7
           OUTLINEWIDTH 1
           OUTLINECOLOR 132 132 132
        END
        STYLE
            WIDTH 7
            COLOR 173 173 173
        END
    END
    CLASS
        EXPRESSION {unclassified10,residential10,service10,road10,living_street10}
        STYLE
        END
        STYLE
            WIDTH 6
            OUTLINECOLOR 136 136 136
            OUTLINEWIDTH 1
            LINECAP BUTT
        END
        STYLE
            WIDTH 6
            COLOR 255 255 255
        END
    END
    CLASS
        EXPRESSION {tertiary10,tertiary_link10}
        STYLE
        END
        STYLE
            WIDTH 5
            OUTLINECOLOR 136 136 136
            OUTLINEWIDTH 1
            LINECAP BUTT
        END
        STYLE
            WIDTH 5
            COLOR 215 215 215
        END
    END
    CLASS
        EXPRESSION {secondary10,secondary_link10}
        STYLE
        END
        STYLE
            WIDTH 6
            OUTLINECOLOR 136 136 136
            OUTLINEWIDTH 1
            LINECAP BUTT
        END
        STYLE
            WIDTH 6
            COLOR 215 215 215
        END
    END
    CLASS
        EXPRESSION {primary10,primary_link10}
        STYLE
        END
        STYLE
            WIDTH 7
            OUTLINECOLOR 136 136 136
            OUTLINEWIDTH 1
            LINECAP BUTT
        END
        STYLE
            WIDTH 7
            COLOR 215 215 215
        END
    END
    CLASS
        EXPRESSION {pedestrian10,footway10,path10}
        STYLE
        END
        STYLE
            WIDTH 2.5
            OUTLINECOLOR 136 136 136
            OUTLINEWIDTH 1
            LINECAP BUTT
        END
        STYLE
            WIDTH 2.5
            COLOR 248 248 248
        END
    END
    CLASS
        EXPRESSION "motorway10"
        STYLE
        END
        STYLE
            WIDTH 8
            OUTLINECOLOR 136 136 136
            OUTLINEWIDTH 1
            LINECAP BUTT
        END
        STYLE
            WIDTH 8
            COLOR 152 152 152
        END
    END
    CLASS
        EXPRESSION "motorway_link10"
        STYLE
        END
        STYLE
            WIDTH 7
            OUTLINECOLOR 136 136 136
            OUTLINEWIDTH 1
            LINECAP BUTT
        END
        STYLE
            WIDTH 7
            COLOR 152 152 152
        END
    END
    CLASS
        EXPRESSION "trunk10"
        STYLE
        END
        STYLE
            WIDTH 8
            OUTLINECOLOR 136 136 136
            OUTLINEWIDTH 1
            LINECAP BUTT
        END
        STYLE
            WIDTH 8
            COLOR 173 173 173
        END
    END
    CLASS
        EXPRESSION "trunk_link10"
        STYLE
        END
        STYLE
            WIDTH 7
            OUTLINECOLOR 136 136 136
            OUTLINEWIDTH 1
            LINECAP BUTT
        END
        STYLE
            WIDTH 7
            COLOR 173 173 173
        END
    END
    CLASS
        EXPRESSION {unclassified01,residential01,service01,living_street01}
        STYLE
            WIDTH 6
            COLOR 255 255 255
            OPACITY 40
        END
    END
    CLASS
        EXPRESSION {pedestrian01,footway01,path01}
        STYLE
            WIDTH 2.5
            COLOR 248 248 248
            OPACITY 40
        END
    END
    CLASS
        EXPRESSION {tertiary01,tertiary_link01}
        STYLE
            WIDTH 5
            COLOR 215 215 215
            OPACITY 40
        END
    END
    CLASS
        EXPRESSION {secondary01,secondary_link01}
        STYLE
            WIDTH 6
            COLOR 215 215 215
            OPACITY 40
        END
    END
    CLASS
        EXPRESSION {primary01,primary_link01}
        STYLE
            WIDTH 7
            COLOR 215 215 215
            OPACITY 40
        END
    END
    CLASS
        EXPRESSION "motorway01"
        STYLE
            WIDTH 8
            COLOR 152 152 152
            OPACITY 40
        END
    END
    CLASS
        EXPRESSION "motorway_link01"
        STYLE
            WIDTH 7
            COLOR 152 152 152
            OPACITY 40
        END
    END
    CLASS
        EXPRESSION "trunk01"
        STYLE
            WIDTH 8
            COLOR 173 173 173
            OPACITY 40
        END
    END
    CLASS
        EXPRESSION "trunk_link01"
        STYLE
            WIDTH 7
            COLOR 173 173 173
            OPACITY 40
        END
    END
END
LAYER
    GROUP "default"
    STATUS ON
    TYPE LINE
    MINSCALEDENOM 2539
    MAXSCALEDENOM 5078
    NAME "roads17"
    CONNECTIONTYPE postgis
    CONNECTION "host=localhost dbname=osm user=ubuntu password=osm port=5436"
    DATA "geometry from (select osm_id,geometry,name as name,ref,type||bridge||tunnel as type from osm_roads order by z_order asc, st_length(geometry) asc) as foo using unique osm_id using srid=3857"
    LABELITEM "name"
    CLASSITEM "type"
    CLASS
        EXPRESSION {unclassified00,residential00,service00,road00,living_street00}
        STYLE
           WIDTH 6
           OUTLINEWIDTH 1
           OUTLINECOLOR 177 177 177
        END
        STYLE
            WIDTH 6
            COLOR 255 255 255
        END
    END
    CLASS
        EXPRESSION "track00"
        STYLE
            PATTERN 2 3 END
            WIDTH 1
            COLOR "#ffffff"
        END
    END
    CLASS
        EXPRESSION {tertiary00,tertiary_link00}
        STYLE
           WIDTH 6
           OUTLINEWIDTH 1
           OUTLINECOLOR 177 177 177
        END
        STYLE
            WIDTH 6
            COLOR 215 215 215
        END
    END
    CLASS
        EXPRESSION {secondary00,secondary_link00}
        STYLE
           WIDTH 7
           OUTLINEWIDTH 1
           OUTLINECOLOR 177 177 177
        END
        STYLE
            WIDTH 7
            COLOR 215 215 215
        END
    END
    CLASS
        EXPRESSION {footway00,path00}
        STYLE
            PATTERN 2 3 END
            WIDTH 1
            COLOR "#ffffff"
        END
    END
    CLASS
        EXPRESSION {primary00,primary_link00}
        STYLE
           WIDTH 8
           OUTLINEWIDTH 1
           OUTLINECOLOR 177 177 177
        END
        STYLE
            WIDTH 8
            COLOR 215 215 215
        END
    END
    CLASS
        EXPRESSION 'pedestrian00'
        STYLE
           WIDTH 3
           OUTLINEWIDTH 1
           OUTLINECOLOR 177 177 177
        END
        STYLE
            WIDTH 3
            COLOR 248 248 248
        END
    END
    CLASS
        EXPRESSION "motorway00"
        TEXT ("[ref]")
        STYLE
           WIDTH 9
           OUTLINEWIDTH 1
           OUTLINECOLOR 111 111 111
        END
        STYLE
            WIDTH 9
            COLOR 152 152 152
        END
    END
    CLASS
        EXPRESSION "motorway_link00"
        STYLE
           WIDTH 8
           OUTLINEWIDTH 1
           OUTLINECOLOR 111 111 111
        END
        STYLE
            WIDTH 8
            COLOR 152 152 152
        END
    END
    CLASS
        EXPRESSION "trunk00"
        TEXT ("[ref]")
        STYLE
           WIDTH 9
           OUTLINEWIDTH 1
           OUTLINECOLOR 132 132 132
        END
        STYLE
            WIDTH 9
            COLOR 173 173 173
        END
    END
    CLASS
        EXPRESSION "trunk_link00"
        STYLE
           WIDTH 8
           OUTLINEWIDTH 1
           OUTLINECOLOR 132 132 132
        END
        STYLE
            WIDTH 8
            COLOR 173 173 173
        END
    END
    CLASS
        EXPRESSION {unclassified10,residential10,service10,road10,living_street10}
        STYLE
        END
        STYLE
            WIDTH 6
            OUTLINECOLOR 136 136 136
            OUTLINEWIDTH 1
            LINECAP BUTT
        END
        STYLE
            WIDTH 6
            COLOR 255 255 255
        END
    END
    CLASS
        EXPRESSION {tertiary10,tertiary_link10}
        STYLE
        END
        STYLE
            WIDTH 6
            OUTLINECOLOR 136 136 136
            OUTLINEWIDTH 1
            LINECAP BUTT
        END
        STYLE
            WIDTH 6
            COLOR 215 215 215
        END
    END
    CLASS
        EXPRESSION {secondary10,secondary_link10}
        STYLE
        END
        STYLE
            WIDTH 7
            OUTLINECOLOR 136 136 136
            OUTLINEWIDTH 1
            LINECAP BUTT
        END
        STYLE
            WIDTH 7
            COLOR 215 215 215
        END
    END
    CLASS
        EXPRESSION {primary10,primary_link10}
        STYLE
        END
        STYLE
            WIDTH 8
            OUTLINECOLOR 136 136 136
            OUTLINEWIDTH 1
            LINECAP BUTT
        END
        STYLE
            WIDTH 8
            COLOR 215 215 215
        END
    END
    CLASS
        EXPRESSION {pedestrian10,footway10,path10}
        STYLE
        END
        STYLE
            WIDTH 3
            OUTLINECOLOR 136 136 136
            OUTLINEWIDTH 1
            LINECAP BUTT
        END
        STYLE
            WIDTH 3
            COLOR 248 248 248
        END
    END
    CLASS
        EXPRESSION "motorway10"
        STYLE
        END
        STYLE
            WIDTH 9
            OUTLINECOLOR 136 136 136
            OUTLINEWIDTH 1
            LINECAP BUTT
        END
        STYLE
            WIDTH 9
            COLOR 152 152 152
        END
    END
    CLASS
        EXPRESSION "motorway_link10"
        STYLE
        END
        STYLE
            WIDTH 8
            OUTLINECOLOR 136 136 136
            OUTLINEWIDTH 1
            LINECAP BUTT
        END
        STYLE
            WIDTH 8
            COLOR 152 152 152
        END
    END
    CLASS
        EXPRESSION "trunk10"
        STYLE
        END
        STYLE
            WIDTH 9
            OUTLINECOLOR 136 136 136
            OUTLINEWIDTH 1
            LINECAP BUTT
        END
        STYLE
            WIDTH 9
            COLOR 173 173 173
        END
    END
    CLASS
        EXPRESSION "trunk_link10"
        STYLE
        END
        STYLE
            WIDTH 8
            OUTLINECOLOR 136 136 136
            OUTLINEWIDTH 1
            LINECAP BUTT
        END
        STYLE
            WIDTH 8
            COLOR 173 173 173
        END
    END
    CLASS
        EXPRESSION {unclassified01,residential01,service01,living_street01}
        STYLE
            WIDTH 6
            COLOR 255 255 255
            OPACITY 40
        END
    END
    CLASS
        EXPRESSION {pedestrian01,footway01,path01}
        STYLE
            WIDTH 3
            COLOR 248 248 248
            OPACITY 40
        END
    END
    CLASS
        EXPRESSION {tertiary01,tertiary_link01}
        STYLE
            WIDTH 6
            COLOR 215 215 215
            OPACITY 40
        END
    END
    CLASS
        EXPRESSION {secondary01,secondary_link01}
        STYLE
            WIDTH 7
            COLOR 215 215 215
            OPACITY 40
        END
    END
    CLASS
        EXPRESSION {primary01,primary_link01}
        STYLE
            WIDTH 8
            COLOR 215 215 215
            OPACITY 40
        END
    END
    CLASS
        EXPRESSION "motorway01"
        STYLE
            WIDTH 9
            COLOR 152 152 152
            OPACITY 40
        END
    END
    CLASS
        EXPRESSION "motorway_link01"
        STYLE
            WIDTH 8
            COLOR 152 152 152
            OPACITY 40
        END
    END
    CLASS
        EXPRESSION "trunk01"
        STYLE
            WIDTH 9
            COLOR 173 173 173
            OPACITY 40
        END
    END
    CLASS
        EXPRESSION "trunk_link01"
        STYLE
            WIDTH 8
            COLOR 173 173 173
            OPACITY 40
        END
    END
END
LAYER
    GROUP "default"
    STATUS ON
    TYPE LINE
    MINSCALEDENOM 0
    MAXSCALEDENOM 2539
    NAME "roads18"
    CONNECTIONTYPE postgis
    CONNECTION "host=localhost dbname=osm user=ubuntu password=osm port=5436"
    DATA "geometry from (select osm_id,geometry,name as name,ref,type||bridge||tunnel as type from osm_roads order by z_order asc, st_length(geometry) asc) as foo using unique osm_id using srid=3857"
    LABELITEM "name"
    CLASSITEM "type"
    CLASS
        EXPRESSION {unclassified00,residential00,service00,road00,living_street00}
        STYLE
           WIDTH 6
           OUTLINEWIDTH 1
           OUTLINECOLOR 177 177 177
        END
        STYLE
            WIDTH 6
            COLOR 255 255 255
        END
    END
    CLASS
        EXPRESSION "track00"
        STYLE
            PATTERN 2 3 END
            WIDTH 1
            COLOR "#ffffff"
        END
    END
    CLASS
        EXPRESSION {tertiary00,tertiary_link00}
        STYLE
           WIDTH 7
           OUTLINEWIDTH 1
           OUTLINECOLOR 177 177 177
        END
        STYLE
            WIDTH 7
            COLOR 215 215 215
        END
    END
    CLASS
        EXPRESSION {secondary00,secondary_link00}
        STYLE
           WIDTH 8
           OUTLINEWIDTH 1
           OUTLINECOLOR 177 177 177
        END
        STYLE
            WIDTH 8
            COLOR 215 215 215
        END
    END
    CLASS
        EXPRESSION {footway00,path00}
        STYLE
            PATTERN 2 3 END
            WIDTH 1
            COLOR "#ffffff"
        END
    END
    CLASS
        EXPRESSION {primary00,primary_link00}
        STYLE
           WIDTH 9
           OUTLINEWIDTH 1
           OUTLINECOLOR 177 177 177
        END
        STYLE
            WIDTH 9
            COLOR 215 215 215
        END
    END
    CLASS
        EXPRESSION 'pedestrian00'
        STYLE
           WIDTH 3.5
           OUTLINEWIDTH 1
           OUTLINECOLOR 177 177 177
        END
        STYLE
            WIDTH 3.5
            COLOR 248 248 248
        END
    END
    CLASS
        EXPRESSION "motorway00"
        TEXT ("[ref]")
        STYLE
           WIDTH 10
           OUTLINEWIDTH 1
           OUTLINECOLOR 111 111 111
        END
        STYLE
            WIDTH 10
            COLOR 152 152 152
        END
    END
    CLASS
        EXPRESSION "motorway_link00"
        STYLE
           WIDTH 9
           OUTLINEWIDTH 1
           OUTLINECOLOR 111 111 111
        END
        STYLE
            WIDTH 9
            COLOR 152 152 152
        END
    END
    CLASS
        EXPRESSION "trunk00"
        TEXT ("[ref]")
        STYLE
           WIDTH 10
           OUTLINEWIDTH 1
           OUTLINECOLOR 132 132 132
        END
        STYLE
            WIDTH 10
            COLOR 173 173 173
        END
    END
    CLASS
        EXPRESSION "trunk_link00"
        STYLE
           WIDTH 9
           OUTLINEWIDTH 1
           OUTLINECOLOR 132 132 132
        END
        STYLE
            WIDTH 9
            COLOR 173 173 173
        END
    END
    CLASS
        EXPRESSION {unclassified10,residential10,service10,road10,living_street10}
        STYLE
        END
        STYLE
            WIDTH 6
            OUTLINECOLOR 136 136 136
            OUTLINEWIDTH 1
            LINECAP BUTT
        END
        STYLE
            WIDTH 6
            COLOR 255 255 255
        END
    END
    CLASS
        EXPRESSION {tertiary10,tertiary_link10}
        STYLE
        END
        STYLE
            WIDTH 7
            OUTLINECOLOR 136 136 136
            OUTLINEWIDTH 1
            LINECAP BUTT
        END
        STYLE
            WIDTH 7
            COLOR 215 215 215
        END
    END
    CLASS
        EXPRESSION {secondary10,secondary_link10}
        STYLE
        END
        STYLE
            WIDTH 8
            OUTLINECOLOR 136 136 136
            OUTLINEWIDTH 1
            LINECAP BUTT
        END
        STYLE
            WIDTH 8
            COLOR 215 215 215
        END
    END
    CLASS
        EXPRESSION {primary10,primary_link10}
        STYLE
        END
        STYLE
            WIDTH 9
            OUTLINECOLOR 136 136 136
            OUTLINEWIDTH 1
            LINECAP BUTT
        END
        STYLE
            WIDTH 9
            COLOR 215 215 215
        END
    END
    CLASS
        EXPRESSION {pedestrian10,footway10,path10}
        STYLE
        END
        STYLE
            WIDTH 3.5
            OUTLINECOLOR 136 136 136
            OUTLINEWIDTH 1
            LINECAP BUTT
        END
        STYLE
            WIDTH 3.5
            COLOR 248 248 248
        END
    END
    CLASS
        EXPRESSION "motorway10"
        STYLE
        END
        STYLE
            WIDTH 10
            OUTLINECOLOR 136 136 136
            OUTLINEWIDTH 1
            LINECAP BUTT
        END
        STYLE
            WIDTH 10
            COLOR 152 152 152
        END
    END
    CLASS
        EXPRESSION "motorway_link10"
        STYLE
        END
        STYLE
            WIDTH 9
            OUTLINECOLOR 136 136 136
            OUTLINEWIDTH 1
            LINECAP BUTT
        END
        STYLE
            WIDTH 9
            COLOR 152 152 152
        END
    END
    CLASS
        EXPRESSION "trunk10"
        STYLE
        END
        STYLE
            WIDTH 10
            OUTLINECOLOR 136 136 136
            OUTLINEWIDTH 1
            LINECAP BUTT
        END
        STYLE
            WIDTH 10
            COLOR 173 173 173
        END
    END
    CLASS
        EXPRESSION "trunk_link10"
        STYLE
        END
        STYLE
            WIDTH 9
            OUTLINECOLOR 136 136 136
            OUTLINEWIDTH 1
            LINECAP BUTT
        END
        STYLE
            WIDTH 9
            COLOR 173 173 173
        END
    END
    CLASS
        EXPRESSION {unclassified01,residential01,service01,living_street01}
        STYLE
            WIDTH 6
            COLOR 255 255 255
            OPACITY 40
        END
    END
    CLASS
        EXPRESSION {pedestrian01,footway01,path01}
        STYLE
            WIDTH 3.5
            COLOR 248 248 248
            OPACITY 40
        END
    END
    CLASS
        EXPRESSION {tertiary01,tertiary_link01}
        STYLE
            WIDTH 7
            COLOR 215 215 215
            OPACITY 40
        END
    END
    CLASS
        EXPRESSION {secondary01,secondary_link01}
        STYLE
            WIDTH 8
            COLOR 215 215 215
            OPACITY 40
        END
    END
    CLASS
        EXPRESSION {primary01,primary_link01}
        STYLE
            WIDTH 9
            COLOR 215 215 215
            OPACITY 40
        END
    END
    CLASS
        EXPRESSION "motorway01"
        STYLE
            WIDTH 10
            COLOR 152 152 152
            OPACITY 40
        END
    END
    CLASS
        EXPRESSION "motorway_link01"
        STYLE
            WIDTH 9
            COLOR 152 152 152
            OPACITY 40
        END
    END
    CLASS
        EXPRESSION "trunk01"
        STYLE
            WIDTH 10
            COLOR 173 173 173
            OPACITY 40
        END
    END
    CLASS
        EXPRESSION "trunk_link01"
        STYLE
            WIDTH 9
            COLOR 173 173 173
            OPACITY 40
        END
    END
END

