#if _display_symbols == 1
  LAYER
    GROUP "default"
    STATUS ON
    CONNECTIONTYPE POSTGIS
    CONNECTION "OSM_DB_CONNECTION"
    MINSCALEDENOM _minscale
    MAXSCALEDENOM _maxscale
    TYPE POINT
    NAME layername(symstations,_layer_suffix)
    DATA _symstations_data
    CLASSITEM "railway"

    CLASS
      EXPRESSION {station,halt,tram_stop}
      LABEL
        SIZE _symstation_lbl_size
        COLOR _symstation_lbl_clr
        TEXT _sym_lbl_txt
        OUTLINECOLOR _sym_lbl_ol_clr
        OUTLINEWIDTH _sym_lbl_ol_width
        OFFSET 0 5
        POSITION lc
        FONT _symstation_lbl_font
        TYPE truetype
        MAXLENGTH 0
        WRAP " "
        ALIGN CENTER
        STYLE
            SYMBOL _symstation_symbol
            size _symstation_size
        END
      END
    END

    CLASS
      EXPRESSION ('[railway]' = 'subway_entrance')
      LABEL
        PARTIALS false
        STYLE
            SYMBOL _symsubway_entrance_symbol
            size _symsubway_entrance_size
        END
      END
    end
  END
#endif